[    0.000000] Booting Linux on physical CPU 0x0000000000 [0x410fd463]
[    0.000000] Linux version 5.10.256-Jianke-Jiangnan (jk@jk) (Android (7284624, based on r416183b) clang version 12.0.5 (https://android.googlesource.com/toolchain/llvm-project c935d99d7cf2016289302412d708641d52d2f7ee), LLD 12.0.5 (/buildbot/src/android/llvm-toolchain/out/llvm-project/lld c935d99d7cf2016289302412d708641d52d2f7ee)) #1 SMP PREEMPT Sun May 31 23:27:41 WITA 2026
[    0.000000] random: crng init done
[    0.000000] Machine model: Mondrian based on Qualcomm Technologies, Inc SM8475
[    0.000000] Stack Depot is disabled
[    0.000000] KVM is not available. Ignoring kvm-arm.mode
[    0.000000] efi: UEFI not found.
[    0.000000] Reserved memory: created CMA memory pool at 0x00000000fd800000, size 36 MiB
[    0.000000] OF: reserved mem: initialized node qseecom_region, compatible id shared-dma-pool
[    0.000000] Reserved memory: created CMA memory pool at 0x00000000fc800000, size 16 MiB
[    0.000000] OF: reserved mem: initialized node sp_region, compatible id shared-dma-pool
[    0.000000] Reserved memory: created CMA memory pool at 0x00000000fac00000, size 28 MiB
[    0.000000] OF: reserved mem: initialized node audio_cma_region, compatible id shared-dma-pool
[    0.000000] Reserved memory: created CMA memory pool at 0x0000000b7d800000, size 40 MiB
[    0.000000] OF: reserved mem: initialized node demura_heap_region, compatible id shared-dma-pool
[    0.000000] Reserved memory: created CMA memory pool at 0x0000000b7a800000, size 48 MiB
[    0.000000] OF: reserved mem: initialized node mem_dump_region, compatible id shared-dma-pool
[    0.000000] Reserved memory: created CMA memory pool at 0x00000000fa400000, size 8 MiB
[    0.000000] OF: reserved mem: initialized node sdsp_region, compatible id shared-dma-pool
[    0.000000] Reserved memory: created CMA memory pool at 0x00000000d5c00000, size 164 MiB
[    0.000000] OF: reserved mem: initialized node non_secure_display_region, compatible id shared-dma-pool
[    0.000000] Reserved memory: created CMA memory pool at 0x00000000fa000000, size 4 MiB
[    0.000000] OF: reserved mem: initialized node cdsp_eva_region, compatible id shared-dma-pool
[    0.000000] Reserved memory: created CMA memory pool at 0x00000000f8000000, size 32 MiB
[    0.000000] OF: reserved mem: initialized node qseecom_ta_region, compatible id shared-dma-pool
[    0.000000] Reserved memory: created CMA memory pool at 0x00000000f6000000, size 32 MiB
[    0.000000] OF: reserved mem: initialized node cnss_wlan_region, compatible id shared-dma-pool
[    0.000000] Reserved memory: created CMA memory pool at 0x00000000f5000000, size 16 MiB
[    0.000000] OF: reserved mem: initialized node user_contig_region, compatible id shared-dma-pool
[    0.000000] Reserved memory: created CMA memory pool at 0x0000000b79800000, size 16 MiB
[    0.000000] OF: reserved mem: initialized node va_md_mem_region, compatible id shared-dma-pool
[    0.000000] Reserved memory: created CMA memory pool at 0x00000000e6800000, size 32 MiB
[    0.000000] OF: reserved mem: initialized node linux,cma, compatible id shared-dma-pool
[    0.000000] Reserved memory: created CMA memory pool at 0x00000000e5c00000, size 12 MiB
[    0.000000] OF: reserved mem: initialized node adsp_heap_region, compatible id shared-dma-pool
[    0.000000] Zone ranges:
[    0.000000] DMA32    empty
[    0.000000] Normal   [mem 0x0000000080000000-0x0000000b7fffffff]
[    0.000000] Movable zone start for each node
[    0.000000] Early memory node ranges
[    0.000000] node   0: [mem 0x0000000080000000-0x000000008063ffff]
[    0.000000] node   0: [mem 0x0000000080640000-0x00000000807fffff]
[    0.000000] node   0: [mem 0x0000000080800000-0x00000000808f3fff]
[    0.000000] node   0: [mem 0x00000000808f4000-0x00000000808fffff]
[    0.000000] node   0: [mem 0x0000000080900000-0x00000000851fffff]
[    0.000000] node   0: [mem 0x0000000085200000-0x00000000856fffff]
[    0.000000] node   0: [mem 0x0000000085700000-0x0000000085dfffff]
[    0.000000] node   0: [mem 0x0000000085e00000-0x0000000087ffffff]
[    0.000000] node   0: [mem 0x0000000088000000-0x000000008b91bfff]
[    0.000000] node   0: [mem 0x000000008b91c000-0x000000008b9fffff]
[    0.000000] node   0: [mem 0x000000008ba00000-0x00000000a2dfffff]
[    0.000000] node   0: [mem 0x00000000a2e00000-0x00000000a6b7ffff]
[    0.000000] node   0: [mem 0x00000000a6b80000-0x00000000a6e3ffff]
[    0.000000] node   0: [mem 0x00000000a6e40000-0x00000000a6efffff]
[    0.000000] node   0: [mem 0x00000000a6f00000-0x00000000a6ffffff]
[    0.000000] node   0: [mem 0x00000000a7000000-0x00000000dfffffff]
[    0.000000] node   0: [mem 0x00000000e0000000-0x00000000e0afffff]
[    0.000000] node   0: [mem 0x00000000e0b00000-0x00000000e55f2fff]
[    0.000000] node   0: [mem 0x00000000e55f3000-0x00000000e56fffff]
[    0.000000] node   0: [mem 0x00000000e5700000-0x00000000e87fffff]
[    0.000000] node   0: [mem 0x00000000e8800000-0x00000000e9ffffff]
[    0.000000] node   0: [mem 0x00000000f4600000-0x00000000ffffffff]
[    0.000000] node   0: [mem 0x0000000800000000-0x00000008352fffff]
[    0.000000] node   0: [mem 0x0000000835900000-0x00000008376fffff]
[    0.000000] node   0: [mem 0x0000000840000000-0x0000000b7fffffff]
[    0.000000] Initmem setup node 0 [mem 0x0000000080000000-0x0000000b7fffffff]
[    0.000000] On node 0 totalpages: 4115200
[    0.000000] Normal zone: 64300 pages used for memmap
[    0.000000] Normal zone: 4115200 pages, LIFO batch:63
[    0.000000] On node 0, zone Normal: 256 pages in unavailable ranges
[    0.000000] On node 0, zone Normal: 256 pages in unavailable ranges
[    0.000000] psci: probing for conduit method from DT.
[    0.000000] psci: PSCIv1.1 detected in firmware.
[    0.000000] psci: Using standard PSCI v0.2 function IDs
[    0.000000] psci: MIGRATE_INFO_TYPE not supported.
[    0.000000] psci: SMC Calling Convention v1.0
[    0.000000] psci: OSI mode supported.
[    0.000000] Load bootconfig: 771 bytes 56 nodes
[    0.000000] percpu: Embedded 33 pages/cpu s96408 r8192 d30568 u135168
[    0.000000] pcpu-alloc: s96408 r8192 d30568 u135168 alloc=33*4096
[    0.000000] pcpu-alloc: [0] 0 [0] 1 [0] 2 [0] 3 [0] 4 [0] 5 [0] 6 [0] 7 
[    0.000000] Detected PIPT I-cache on CPU0
[    0.000000] CPU features: SYS_ID_AA64MMFR1_EL1[11:8]: forced to 0
[    0.000000] CPU features: detected: GIC system register CPU interface
[    0.000000] CPU features: kernel page table isolation forced OFF by kpti command line option
[    0.000000] CPU features: detected: Hardware dirty bit management
[    0.000000] CPU features: detected: Spectre-v4
[    0.000000] CPU features: detected: Address authentication (architected algorithm)
[    0.000000] CPU features: detected: Branch Target Identification
[    0.000000] CPU features: detected: ARM erratum 2457168
[    0.000000] alternatives: patching kernel code
[    0.000000] Built 1 zonelists, mobility grouping on.  Total pages: 4050900
[    0.000000] Kernel command line: stack_depot_disable=on kasan=off kvm-arm.mode=protected cgroup_disable=pressure cgroup.memory=nokmem noirqdebug console=ttyMSM0,115200n8 loglevel=6 kpti=0 kernel.panic_on_rcu_stall=1 swiotlb=noforce loop.max_part=7 cgroup.memory=nokmem,nosocket pcie_ports=compat msm_rtb.filter=0x237 allow_mismatched_32bit_el0 kasan=off rcupdate.rcu_expedited=1 rcu_nocbs=0-7 ftrace_dump_on_oops pstore.compress=none cpufreq.default_governor=performance can.stats_timer=0 fsa4480_i2c.async_probe=1 slub_debug=- disable_dma32=on video=vfb:640x400,bpp=32,memsize=3072000 disable_dma32=on swinfo.fingerprint=mondrian:12/OS2.0.220.0.VMNCNXM:user mtdoops.fingerprint=mondrian:12/OS2.0.220.0.VMNCNXM:user bootconfig  bootinfo.pureason=0x40001 bootinfo.pdreason=0x2 debug_ext.initrd_size=24860 hwid.hwid_value=589824 hwid.project=14 hwid.build_adc=65491 hwid.project_adc=24808 msm_drm.dsi_display0=qcom,mdss_dsi_m11a_42_02_0a_dsc_cmd: msm_drm.oled_wp=01f4020909030105 \
[    0.000000] Kernel command line: msm_drm.debugpolicy=0x20 rootwait ro init=/init block2mtd.block2mtd=/dev/block/sda15,2097152 mtdoops.mtddev=0 mtdoops.record_size=2097152 mtdoops.dump_oops=0 printk.always_kmsg_dump=1 log_buf_len=2M loglevel=6 msm_geni_serial.con_enabled=0
[    0.000000] cgroup: Disabling pressure control group feature
[    0.000000] IRQ lockup detection disabled
[    0.000000] printk: log_buf_len: 2097152 bytes
[    0.000000] printk: early log buf free: 123120(93%)
[    0.000000] Dentry cache hash table entries: 2097152 (order: 12, 16777216 bytes, linear)
[    0.000000] Inode-cache hash table entries: 1048576 (order: 11, 8388608 bytes, linear)
[    0.000000] mem auto-init: stack:all(zero), heap alloc:on, heap free:off
[    0.000000] software IO TLB: mapped [mem 0x00000000ffffe000-0x00000000ffffe800] (0MB)
[    0.000000] Memory: 14957028K/16460800K available (20608K kernel code, 1946K rwdata, 9336K rodata, 1536K init, 1004K bss, 1008156K reserved, 495616K cma-reserved)
[    0.000000] SLUB: HWalign=64, Order=0-0, MinObjects=0, CPUs=8, Nodes=1
[    0.000000] rcu: Preemptible hierarchical RCU implementation.
[    0.000000] rcu: 	RCU event tracing is enabled.
[    0.000000] rcu: 	RCU dyntick-idle grace-period acceleration is enabled.
[    0.000000] rcu: 	RCU restricting CPUs from NR_CPUS=32 to nr_cpu_ids=8.
[    0.000000] rcu: 	RCU priority boosting: priority 1 delay 500 ms.
[    0.000000] 	All grace periods are expedited (rcu_expedited).
[    0.000000] 	Trampoline variant of Tasks RCU enabled.
[    0.000000] 	Tracing variant of Tasks RCU enabled.
[    0.000000] rcu: RCU calculated value of scheduler-enlistment delay is 25 jiffies.
[    0.000000] rcu: Adjusting geometry for rcu_fanout_leaf=16, nr_cpu_ids=8
[    0.000000] NR_IRQS: 64, nr_irqs: 64, preallocated irqs: 0
[    0.000000] GICv3: 988 SPIs implemented
[    0.000000] GICv3: 0 Extended SPIs implemented
[    0.000000] GICv3: Distributor has no Range Selector support
[    0.000000] GICv3: 16 PPIs implemented
[    0.000000] GICv3: Enabling SGIs without active state
[    0.000000] GICv3: CPU0: found redistributor 0 region 0:0x0000000017180000
[    0.000000] ITS [mem 0x17140000-0x1715ffff]
[    0.000000] ITS@0x0000000017140000: Devices Table too large, reduce ids 32->19
[    0.000000] ITS@0x0000000017140000: Devices too large, reduce ITS pages 1024->256
[    0.000000] ITS@0x0000000017140000: allocated 131072 Devices @f4600000 (indirect, esz 8, psz 4K, shr 1)
[    0.000000] ITS@0x0000000017140000: allocated 4096 Interrupt Collections @8359d3000 (flat, esz 1, psz 4K, shr 1)
[    0.000000] GICv3: using LPI property table @0x00000008359f0000
[    0.000000] GICv3: CPU0: using allocated LPI pending table @0x00000000f4700000
[    0.000000] rcu: 	Offload RCU callbacks from CPUs: 0-7.
[    0.000000] kfence: initialized - using 524288 bytes for 63 objects at 0x(____ptrval____)-0x(____ptrval____)
[    0.000000] arch_timer: cp15 and mmio timer(s) running at 19.20MHz (virt/virt).
[    0.000000] clocksource: arch_sys_counter: mask: 0xffffffffffffff max_cycles: 0x46d987e47, max_idle_ns: 440795202767 ns
[    0.000003] sched_clock: 56 bits at 19MHz, resolution 52ns, wraps every 4398046511078ns
[    0.005422] Calibrating delay loop (skipped), value calculated using timer frequency.. 38.40 BogoMIPS (lpj=76800)
[    0.005433] pid_max: default: 32768 minimum: 301
[    0.005532] LSM: Security Framework initializing
[    0.005575] SELinux:  Initializing.
[    0.005689] Mount-cache hash table entries: 32768 (order: 6, 262144 bytes, linear)
[    0.005707] Mountpoint-cache hash table entries: 32768 (order: 6, 262144 bytes, linear)
[    0.007274] rcu: Hierarchical SRCU implementation.
[    0.008080] Platform MSI: msi-controller@17140000 domain created
[    0.008877] PCI/MSI: /soc/interrupt-controller@17100000/msi-controller@17140000 domain created
[    0.009664] EFI services will not be available.
[    0.009946] smp: Bringing up secondary CPUs ...
[    0.010964] Detected PIPT I-cache on CPU1
[    0.010983] GICv3: CPU1: found redistributor 100 region 0:0x00000000171c0000
[    0.011067] GICv3: CPU1: using allocated LPI pending table @0x00000000f4710000
[    0.011157] CPU1: Booted secondary processor 0x0000000100 [0x410fd463]
[    0.012261] Detected PIPT I-cache on CPU2
[    0.012276] GICv3: CPU2: found redistributor 200 region 0:0x0000000017200000
[    0.012340] GICv3: CPU2: using allocated LPI pending table @0x00000000f4720000
[    0.012420] CPU2: Booted secondary processor 0x0000000200 [0x410fd463]
[    0.013440] Detected PIPT I-cache on CPU3
[    0.013455] GICv3: CPU3: found redistributor 300 region 0:0x0000000017240000
[    0.013516] GICv3: CPU3: using allocated LPI pending table @0x00000000f4730000
[    0.013591] CPU3: Booted secondary processor 0x0000000300 [0x410fd463]
[    0.017035] CPU features: detected: ARM erratum 2067961 or 2054223
[    0.017037] CPU features: detected: Spectre-BHB
[    0.017038] CPU features: detected: SSBS not fully self-synchronizing
[    0.017045] Detected PIPT I-cache on CPU4
[    0.017049] CPU features: SANITY CHECK: Unexpected variation in SYS_ID_AA64MMFR1_EL1. Boot CPU: 0x00000011212122, CPU4: 0x00000010212122
[    0.017060] CPU features: Unsupported CPU feature variation detected.
[    0.017067] GICv3: CPU4: found redistributor 400 region 0:0x0000000017280000
[    0.017102] GICv3: CPU4: using allocated LPI pending table @0x00000000f4740000
[    0.017158] CPU4: Booted secondary processor 0x0000000400 [0x412fd470]
[    0.018162] Detected PIPT I-cache on CPU5
[    0.018166] CPU features: SANITY CHECK: Unexpected variation in SYS_ID_AA64MMFR1_EL1. Boot CPU: 0x00000011212122, CPU5: 0x00000010212122
[    0.018176] GICv3: CPU5: found redistributor 500 region 0:0x00000000172c0000
[    0.018214] GICv3: CPU5: using allocated LPI pending table @0x00000000f4750000
[    0.018271] CPU5: Booted secondary processor 0x0000000500 [0x412fd470]
[    0.019294] Detected PIPT I-cache on CPU6
[    0.019298] CPU features: SANITY CHECK: Unexpected variation in SYS_ID_AA64MMFR1_EL1. Boot CPU: 0x00000011212122, CPU6: 0x00000010212122
[    0.019308] GICv3: CPU6: found redistributor 600 region 0:0x0000000017300000
[    0.019344] GICv3: CPU6: using allocated LPI pending table @0x00000000f4760000
[    0.019401] CPU6: Booted secondary processor 0x0000000600 [0x412fd470]
[    0.022734] Detected PIPT I-cache on CPU7
[    0.022737] CPU features: SANITY CHECK: Unexpected variation in SYS_ID_AA64MMFR1_EL1. Boot CPU: 0x00000011212122, CPU7: 0x00000010212122
[    0.022745] GICv3: CPU7: found redistributor 700 region 0:0x0000000017340000
[    0.022780] GICv3: CPU7: using allocated LPI pending table @0x00000000f4770000
[    0.022833] CPU7: Booted secondary processor 0x0000000700 [0x412fd480]
[    0.022885] smp: Brought up 1 node, 8 CPUs
[    0.022911] SMP: Total of 8 processors activated.
[    0.022916] CPU features: detected: Privileged Access Never
[    0.022919] CPU features: detected: LSE atomic instructions
[    0.022923] CPU features: detected: User Access Override
[    0.022928] CPU features: detected: Common not Private translations
[    0.022932] CPU features: detected: Data cache clean to the PoU not required for I/D coherence
[    0.022936] CPU features: detected: Stage-2 Force Write-Back
[    0.022939] CPU features: detected: CRC32 instructions
[    0.022942] CPU features: detected: Speculative Store Bypassing Safe (SSBS)
[    0.022945] CPU features: detected: Speculation barrier (SB)
[    0.022949] CPU features: detected: Generic authentication (architected algorithm)
[    0.022953] CPU features: detected: E0PD
[    0.022957] CPU features: detected: ARMv8.4 Translation Table Level
[    0.022961] CPU features: detected: TLB range maintenance instructions
[    0.022964] CPU features: detected: RCpc load-acquire (LDAPR)
[    0.044157] CPU features: detected CPU7: Activity Monitors Unit (AMU)
[    0.044158] CPU features: detected CPU6: Activity Monitors Unit (AMU)
[    0.044159] CPU features: detected CPU4: Activity Monitors Unit (AMU)
[    0.044160] CPU features: detected CPU5: Activity Monitors Unit (AMU)
[    0.044163] CPU features: detected CPU0: Activity Monitors Unit (AMU)
[    0.044166] CPU features: detected CPU1: Activity Monitors Unit (AMU)
[    0.044169] CPU features: detected CPU2: Activity Monitors Unit (AMU)
[    0.044172] CPU features: detected CPU3: Activity Monitors Unit (AMU)
[    0.065523] CPU: All CPU(s) started at EL1
[    0.102326] Registered cp15_barrier emulation handler
[    0.102348] Registered setend emulation handler
[    0.102351] KASLR enabled
[    0.102388] clocksource: jiffies: mask: 0xffffffff max_cycles: 0xffffffff, max_idle_ns: 7645041785100000 ns
[    0.102396] futex hash table entries: 2048 (order: 5, 131072 bytes, linear)
[    0.104255] pinctrl core: initialized pinctrl subsystem
[    0.104481] NET: Registered protocol family 16
[    0.105539] DMA: preallocated 2048 KiB GFP_KERNEL pool for atomic allocations
[    0.105558] audit: initializing netlink subsys (disabled)
[    0.105659] audit: type=2000 audit(0.088:1): state=initialized audit_enabled=0 res=1
[    0.105737] thermal_sys: Registered thermal governor 'step_wise'
[    0.105738] thermal_sys: Registered thermal governor 'user_space'
[    0.105739] thermal_sys: Registered thermal governor 'power_allocator'
[    0.108056] cpuidle: using governor teo
[    0.108108] hw-breakpoint: found 6 breakpoint and 4 watchpoint registers.
[    0.108223] ASID allocator initialised with 65536 entries
[    0.108251] Serial: AMBA PL011 UART driver
[    0.108343] ramoops reserved-memory:ramoops_region: failed to locate DT /reserved-memory resource
[    0.108348] ramoops: probe of reserved-memory:ramoops_region failed with error -22
[    0.108445] printk: console [ramoops-1] enabled
[    0.108459] pstore: Registered ramoops as persistent store backend
[    0.108460] ramoops: using 0x400000@0xa7000000, ecc: 0
[    0.114500] OF: /soc/spf_core_platform/lpass-cdc/va-macro@33F0000: could not get #gpio-cells for /soc/interrupt-controller@17100000
[    0.132993] Kprobes globally optimized
[    0.133993] iommu: Default domain type: Translated 
[    0.134099] SCSI subsystem initialized
[    0.134125] usbcore: registered new interface driver usbfs
[    0.134132] usbcore: registered new interface driver hub
[    0.134137] usbcore: registered new device driver usb
[    0.134161] mc: Linux media interface: v0.10
[    0.134164] videodev: Linux video capture interface: v2.00
[    0.134180] EDAC MC: Ver: 3.0.0
[    0.134313] CPUidle PSCI: Initialized CPU PM domain topology
[    0.134542] Advanced Linux Sound Architecture Driver Initialized.
[    0.134636] Bluetooth: Core ver 2.22
[    0.134641] NET: Registered protocol family 31
[    0.134641] Bluetooth: HCI device and connection manager initialized
[    0.134644] Bluetooth: HCI socket layer initialized
[    0.134645] Bluetooth: L2CAP socket layer initialized
[    0.134648] Bluetooth: SCO socket layer initialized
[    0.134679] nfc: nfc_init: NFC Core ver 0.1
[    0.134684] NET: Registered protocol family 39
[    0.134787] CPU features: Asymmetric 32-bit EL0 support detected on CPU 4; CPU hot-unplug disabled on CPU 4
[    0.134927] clocksource: Switched to clocksource arch_sys_counter
[    0.145947] VFS: Disk quotas dquot_6.6.0
[    0.145968] VFS: Dquot-cache hash table entries: 512 (order 0, 4096 bytes)
[    0.146133] NET: Registered protocol family 2
[    0.146231] IP idents hash table entries: 262144 (order: 9, 2097152 bytes, linear)
[    0.147746] tcp_listen_portaddr_hash hash table entries: 8192 (order: 5, 131072 bytes, linear)
[    0.147811] TCP established hash table entries: 131072 (order: 8, 1048576 bytes, linear)
[    0.147956] TCP bind hash table entries: 65536 (order: 8, 1048576 bytes, linear)
[    0.148271] TCP: Hash tables configured (established 131072 bind 65536)
[    0.148316] UDP hash table entries: 8192 (order: 6, 262144 bytes, linear)
[    0.148347] UDP-Lite hash table entries: 8192 (order: 6, 262144 bytes, linear)
[    0.148399] NET: Registered protocol family 1
[    0.148407] NET: Registered protocol family 44
[    0.148412] PCI: CLS 0 bytes, default 64
[    0.148493] Trying to unpack rootfs image as initramfs...
[    0.192256] Freeing initrd memory: 24860K
[    0.193149] hw perfevents: enabled with armv8_pmuv3 PMU driver, 7 counters available
[    0.193527] kvm [1]: HYP mode not available
[    0.193801] Initialise system trusted keyrings
[    0.194123] workingset: timestamp_bits=46 max_order=22 bucket_order=0
[    0.195245] fuse: init (API version 7.32)
[    0.206345] Key type asymmetric registered
[    0.206351] Asymmetric key parser 'x509' registered
[    0.206360] Block layer SCSI generic (bsg) driver version 0.4 loaded (major 240)
[    0.206368] io scheduler mq-deadline registered
[    0.206370] io scheduler kyber registered
[    0.206371] Adaptive Deadline I/O Scheduler 3.2.0 by Masahito Suzuki
[    0.206372] io scheduler adios registered
[    0.206372] io scheduler ssg registered
[    0.209218] Boeffla WL blocker: driver version 1.1.0 started
[    0.210021] brd: module loaded
[    0.212239] loop: module loaded
[    0.212284] zram: Added device: zram0
[    0.212986] wireguard: WireGuard 1.0.0 loaded. See www.wireguard.com for information.
[    0.212987] wireguard: Copyright (C) 2015-2019 Jason A. Donenfeld <Jason@zx2c4.com>. All Rights Reserved.
[    0.213148] tun: Universal TUN/TAP device driver, 1.6
[    0.213160] CAN device driver interface
[    0.213161] PPP generic driver version 2.4.2
[    0.213173] PPP BSD Compression module registered
[    0.213174] PPP Deflate Compression module registered
[    0.213184] PPP MPPE Compression module registered
[    0.213185] NET: Registered protocol family 24
[    0.213186] PPTP driver version 0.8.5
[    0.213247] usbcore: registered new interface driver rtl8150
[    0.213252] usbcore: registered new interface driver r8152
[    0.213256] usbcore: registered new interface driver asix
[    0.213260] usbcore: registered new interface driver ax88179_178a
[    0.213263] usbcore: registered new interface driver cdc_ether
[    0.213266] usbcore: registered new interface driver cdc_eem
[    0.213272] usbcore: registered new interface driver cdc_ncm
[    0.213275] usbcore: registered new interface driver aqc111
[    0.213551] ehci_hcd: USB 2.0 'Enhanced' Host Controller (EHCI) Driver
[    0.213552] ehci-pci: EHCI PCI platform driver
[    0.213557] ehci-platform: EHCI generic platform driver
[    0.213835] usbcore: registered new interface driver cdc_acm
[    0.213836] cdc_acm: USB Abstract Control Model driver for USB modems and ISDN adapters
[    0.213973] usbcore: registered new interface driver uas
[    0.213980] usbcore: registered new interface driver usb-storage
[    0.214070] dummy_hcd dummy_hcd.0: USB Host+Gadget Emulator, driver 02 May 2005
[    0.214074] dummy_hcd dummy_hcd.0: Dummy host controller
[    0.214077] dummy_hcd dummy_hcd.0: new USB bus registered, assigned bus number 1
[    0.214115] usb usb1: New USB device found, idVendor=1d6b, idProduct=0002, bcdDevice= 5.10
[    0.214117] usb usb1: New USB device strings: Mfr=3, Product=2, SerialNumber=1
[    0.214118] usb usb1: Product: Dummy host controller
[    0.214119] usb usb1: Manufacturer: Linux 5.10.256-Jianke-Jiangnan dummy_hcd
[    0.214120] usb usb1: SerialNumber: dummy_hcd.0
[    0.214177] hub 1-0:1.0: USB hub found
[    0.214182] hub 1-0:1.0: 1 port detected
[    0.214294] usbcore: registered new interface driver xpad
[    0.214339] usbcore: registered new interface driver uvcvideo
[    0.214339] USB Video Class driver (1.1.1)
[    0.214340] gspca_main: v2.14.0 registered
[    0.214458] device-mapper: uevent: version 1.0.3
[    0.214490] device-mapper: ioctl: 4.44.0-ioctl (2021-02-01) initialised: dm-devel@redhat.com
[    0.214649] Bluetooth: HCI UART driver ver 2.3
[    0.214650] Bluetooth: HCI UART protocol H4 registered
[    0.214655] Bluetooth: HCI UART protocol LL registered
[    0.214681] Bluetooth: HCI UART protocol Broadcom registered
[    0.214683] Bluetooth: HCI UART protocol QCA registered
[    0.215019] sdhci: Secure Digital Host Controller Interface driver
[    0.215020] sdhci: Copyright(c) Pierre Ossman
[    0.215020] sdhci-pltfm: SDHCI platform and OF driver helper
[    0.215094] hid: raw HID events driver (C) Jiri Kosina
[    0.215239] usbcore: registered new interface driver usbhid
[    0.215240] usbhid: USB HID core driver
[    0.215261] ashmem: initialized
[    0.215632] gnss: GNSS driver registered with major 511
[    0.216215] usbcore: registered new interface driver snd-usb-audio
[    0.216301] GACT probability NOT on
[    0.216307] Mirror/redirect action on
[    0.216312] netem: version 1.3
[    0.216324] u32 classifier
[    0.216325] input device check on
[    0.216325] Actions configured
[    0.216542] xt_time: kernel timezone is -0000
[    0.216576] ipip: IPv4 and MPLS over IPv4 tunneling driver
[    0.216670] gre: GRE over IPv4 demultiplexor driver
[    0.216671] ip_gre: GRE over IPv4 tunneling driver
[    0.216785] IPv4 over IPsec tunneling driver
[    0.216905] Initializing XFRM netlink socket
[    0.216909] IPsec XFRM device driver
[    0.216970] NET: Registered protocol family 10
[    0.217934] Segment Routing with IPv6
[    0.217968] mip6: Mobile IPv6
[    0.218120] sit: IPv6, IPv4 and MPLS over IPv4 tunneling driver
[    0.218223] ip6_gre: GRE over IPv6 tunneling driver
[    0.218274] NET: Registered protocol family 17
[    0.218278] NET: Registered protocol family 15
[    0.218294] can: controller area network core
[    0.218309] NET: Registered protocol family 29
[    0.218310] can: raw protocol
[    0.218312] can: broadcast manager protocol
[    0.218314] can: netlink gateway - max_hops=1
[    0.218766] Bluetooth: RFCOMM TTY layer initialized
[    0.218767] Bluetooth: RFCOMM socket layer initialized
[    0.218772] Bluetooth: RFCOMM ver 1.11
[    0.218776] Bluetooth: HIDP (Human Interface Emulation) ver 1.2
[    0.218777] Bluetooth: HIDP socket layer initialized
[    0.218781] l2tp_core: L2TP core driver, V2.0
[    0.218783] l2tp_ppp: PPPoL2TP kernel driver, V2.0
[    0.218784] tipc: Activated (version 2.0.0)
[    0.218805] NET: Registered protocol family 30
[    0.218822] tipc: Started in single node mode
[    0.218856] NET: Registered protocol family 36
[    0.218890] NET: Registered protocol family 40
[    0.218982] registered taskstats version 1
[    0.218986] Loading compiled-in X.509 certificates
[    0.219006] page_owner is disabled
[    0.219151] Key type .fscrypt registered
[    0.219154] Key type fscrypt-provisioning registered
[    0.219273] 
[    0.219276] ********************************************************************
[    0.219278] **     NOTICE NOTICE NOTICE NOTICE NOTICE NOTICE NOTICE           **
[    0.219280] **                                                                **
[    0.219282] **  WRITEABLE clk DebugFS SUPPORT HAS BEEN ENABLED IN THIS KERNEL **
[    0.219284] **                                                                **
[    0.219286] ** This means that this kernel is built to expose clk operations  **
[    0.219289] ** such as parent or rate setting, enabling, disabling, etc.      **
[    0.219291] ** to userspace, which may compromise security on your system.    **
[    0.219293] **                                                                **
[    0.219295] ** If you see this message and you are not debugging the          **
[    0.219297] ** kernel, report this immediately to your vendor!                **
[    0.219299] **                                                                **
[    0.219301] **     NOTICE NOTICE NOTICE NOTICE NOTICE NOTICE NOTICE           **
[    0.219303] ********************************************************************
[    0.221668] clk: Disabling unused clocks
[    0.221683] ALSA device list:
[    0.221684] No soundcards found.
[    0.221709] Warning: unable to open an initial console.
[    0.221875] Freeing unused kernel memory: 1536K
[    0.259897] Run /init as init process
[    0.259899] with arguments:
[    0.259900] /init
[    0.259901] with environment:
[    0.259902] HOME=/
[    0.259903] TERM=linux
[    0.260220] ksuinit::init[1]: Hello, KernelSU!
[    0.260311] ksuinit[1]: KernelSU version: 0
[    0.260317] ksuinit[1]: KernelSU version: 0
[    0.260320] ksuinit::init[1]: Loading kernelsu.ko..
[    0.388679] kernelsu: no symbol version for module_layout
[    0.388692] kernelsu: loading out-of-tree module taints kernel.
[    0.390547] KernelSU: sys_call_table=0xffffffdbfec1cae0
[    0.390567] KernelSU: sys_ni_syscall: 0xffffffdbfe439a10
[    0.390568] KernelSU: ni_syscall 1: 42
[    0.390569] KernelSU: patch syscall 42, 0xffffffdbfe439a10 -> 0xffffffdbfd05f2f0
[    0.391229] KernelSU: dispatcher installed at slot 42
[    0.391230] KernelSU: feature: feature management initialized
[    0.391230] KernelSU: feature: registered handler for sulog (id=2)
[    0.391231] KernelSU: feature: registered handler for adb_root (id=3)
[    0.391232] KernelSU: KernelSU IOCTL Commands:
[    0.391233] KernelSU:   GRANT_ROOT         = 0x00004b01
[    0.391233] KernelSU:   GET_INFO           = 0x80004b02
[    0.391234] KernelSU:   REPORT_EVENT       = 0x40004b03
[    0.391234] KernelSU:   SET_SEPOLICY       = 0xc0004b04
[    0.391235] KernelSU:   CHECK_SAFEMODE     = 0x80004b05
[    0.391235] KernelSU:   GET_ALLOW_LIST     = 0xc0004b06
[    0.391236] KernelSU:   GET_DENY_LIST      = 0xc0004b07
[    0.391236] KernelSU:   NEW_GET_ALLOW_LIST = 0xc0044b06
[    0.391236] KernelSU:   NEW_GET_DENY_LIST  = 0xc0044b07
[    0.391237] KernelSU:   UID_GRANTED_ROOT   = 0xc0004b08
[    0.391237] KernelSU:   UID_SHOULD_UMOUNT  = 0xc0004b09
[    0.391238] KernelSU:   GET_MANAGER_APPID  = 0x80004b0a
[    0.391238] KernelSU:   GET_APP_PROFILE    = 0xc0004b0b
[    0.391239] KernelSU:   SET_APP_PROFILE    = 0x40004b0c
[    0.391239] KernelSU:   GET_FEATURE        = 0xc0004b0d
[    0.391240] KernelSU:   SET_FEATURE        = 0x40004b0e
[    0.391240] KernelSU:   GET_WRAPPER_FD     = 0x40004b0f
[    0.391240] KernelSU:   MANAGE_MARK        = 0xc0004b10
[    0.391241] KernelSU:   NUKE_EXT4_SYSFS    = 0x40004b11
[    0.391241] KernelSU:   ADD_TRY_UMOUNT     = 0x40004b12
[    0.391242] KernelSU:   SET_INIT_PGRP      = 0x00004b13
[    0.391242] KernelSU:   GET_SULOG_FD       = 0x40044b14
[    0.392054] KernelSU: reboot kprobe registered successfully
[    0.392054] KernelSU: hook_manager: ksu_hook_manager_init called
[    0.392499] KernelSU: hook_manager: register_syscall_regfunc kretprobe: 0
[    0.392732] KernelSU: hook_manager: register_syscall_unregfunc kretprobe: 0
[    0.392732] KernelSU: registered syscall hook for nr=147
[    0.392733] KernelSU: registered syscall hook for nr=221
[    0.392733] KernelSU: registered syscall hook for nr=79
[    0.392734] KernelSU: registered syscall hook for nr=48
[    0.392788] KernelSU: tp_marker: mark process: pid:1, uid: 0, comm:init
[    0.392795] KernelSU: hook_manager: sys_enter tracepoint registered
[    0.392796] KernelSU: feature: registered handler for kernel_umount (id=1)
[    0.392797] KernelSU: feature: registered handler for su_compat (id=0)
[    0.392797] KernelSU: patch syscall 63, 0xffffffdbfe439b08 -> 0xffffffdbfd05f2f8
[    0.392827] KernelSU: patch syscall 80, 0xffffffdbfe43a418 -> 0xffffffdbfd05f300
[    0.393130] KernelSU: ksud: input_event_kp: 0
[    0.405316] ksuinit::init[1]: init is init.real
[    0.406360] init: init first stage started!
[    0.407684] init: Loading module /lib/modules/qcom_hwspinlock.ko with args ''
[    0.408668] init: Loaded kernel module /lib/modules/qcom_hwspinlock.ko
[    0.408695] init: Loading module /lib/modules/smem.ko with args ''
[    0.409433] init: Loaded kernel module /lib/modules/smem.ko
[    0.409494] init: Loading module /lib/modules/minidump.ko with args ''
[    0.410619] Failed to get pstore mem
[    0.411672] Minidump: Enabled with max number of regions 200
[    0.412056] init: Loaded kernel module /lib/modules/minidump.ko
[    0.412088] init: Loading module /lib/modules/qcom-scm.ko with args ''
[    0.413087] qcom-scm: __get_convention: qcom_scm: convention: smc arm 64
[    0.413316] qtee shmbridge registered default bridge with size 4194304 bytes
[    0.414147] shmbridge is enabled
[    0.414333] qcom-scm: scm_mem_protection_init_do: SCM call failed -5, resp 0
[    0.414503] init: Loaded kernel module /lib/modules/qcom-scm.ko
[    0.414543] init: Loading module /lib/modules/qcom_wdt_core.ko with args ''
[    0.414936] init: Loaded kernel module /lib/modules/qcom_wdt_core.ko
[    0.414959] init: Loading module /lib/modules/gh_virt_wdt.ko with args ''
[    0.523561] (NULL device *): wdog bark_time 20000
[    0.523564] (NULL device *): wdog pet_time 15000
[    0.524422] gh-watchdog hypervisor:qcom,gh-watchdog: QCOM Apps Watchdog Initialized
[    0.524534] init: Loaded kernel module /lib/modules/gh_virt_wdt.ko
[    0.524596] init: Loading module /lib/modules/qcom_cpu_vendor_hooks.ko with args ''
[    0.526227] init: Loaded kernel module /lib/modules/qcom_cpu_vendor_hooks.ko
[    0.526297] init: Loading module /lib/modules/qcom_ipc_logging.ko with args ''
[    0.527595] init: Loaded kernel module /lib/modules/qcom_ipc_logging.ko
[    0.527784] init: Loading module /lib/modules/cmd-db.ko with args ''
[    0.528881] init: Loaded kernel module /lib/modules/cmd-db.ko
[    0.528925] init: Loading module /lib/modules/qcom_rpmh.ko with args ''
[    0.533523] init: Loaded kernel module /lib/modules/qcom_rpmh.ko
[    0.533539] init: Loading module /lib/modules/clk-rpmh.ko with args ''
[    0.536031] init: Loaded kernel module /lib/modules/clk-rpmh.ko
[    0.536326] init: Loading module /lib/modules/proxy-consumer.ko with args ''
[    0.537296] init: Loaded kernel module /lib/modules/proxy-consumer.ko
[    0.537337] init: Loading module /lib/modules/debug-regulator.ko with args ''
[    0.538359] init: Loaded kernel module /lib/modules/debug-regulator.ko
[    0.538400] init: Loading module /lib/modules/gdsc-regulator.ko with args ''
[    0.540092] init: Loaded kernel module /lib/modules/gdsc-regulator.ko
[    0.540168] init: Loading module /lib/modules/clk-qcom.ko with args ''
[    0.542483] init: Loaded kernel module /lib/modules/clk-qcom.ko
[    0.542529] init: Loading module /lib/modules/clk-dummy.ko with args ''
[    0.543534] init: Loaded kernel module /lib/modules/clk-dummy.ko
[    0.543547] init: Loading module /lib/modules/gcc-waipio.ko with args ''
[    0.545393] init: Loaded kernel module /lib/modules/gcc-waipio.ko
[    0.545459] init: Loading module /lib/modules/icc-bcm-voter.ko with args ''
[    0.546596] init: Loaded kernel module /lib/modules/icc-bcm-voter.ko
[    0.546657] init: Loading module /lib/modules/icc-debug.ko with args ''
[    0.547435] init: Loaded kernel module /lib/modules/icc-debug.ko
[    0.547467] init: Loading module /lib/modules/icc-rpmh.ko with args ''
[    0.548145] init: Loaded kernel module /lib/modules/icc-rpmh.ko
[    0.548192] init: Loading module /lib/modules/qcom_ipcc.ko with args ''
[    0.549955] init: Loaded kernel module /lib/modules/qcom_ipcc.ko
[    0.550032] init: Loading module /lib/modules/qcom-pdc.ko with args ''
[    0.551683] init: Loaded kernel module /lib/modules/qcom-pdc.ko
[    0.551743] init: Loading module /lib/modules/qcom_tsens.ko with args ''
[    0.564074] init: Loaded kernel module /lib/modules/qcom_tsens.ko
[    0.564311] init: Loading module /lib/modules/rpmh-regulator.ko with args ''
[    0.568969] pm8350c_s2_gfx_voter_level: supplied by pm8350_s5_level
[    0.569994] gpu_cc_gx_gdsc: supplied by pm8350c_s2_gfx_voter_level
[    0.570549] gcc_pcie_0_gdsc: supplied by pm8350c_s6_level
[    0.570613] gcc_pcie_1_gdsc: supplied by pm8350c_s6_level
[    0.570674] gcc_ufs_phy_gdsc: supplied by pm8350c_s6_level
[    0.570783] gpu_cc_cx_gdsc: supplied by pm8350c_s6_level
[    0.573850] rpmh_regulator_probe: ldof1: could not find RPMh address for resource
[    0.573864] rpmh_regulator_probe: ldof2: could not find RPMh address for resource
[    0.573873] rpmh_regulator_probe: ldof4: could not find RPMh address for resource
[    0.573882] rpmh_regulator_probe: ldof5: could not find RPMh address for resource
[    0.573889] rpmh_regulator_probe: ldof6: could not find RPMh address for resource
[    0.574044] pm8450_s4_level: supplied by pm8350c_s6_mmcx_sup_level
[    0.574345] pm8350c_s2_mmcx_voter_level: supplied by pm8450_s4_level
[    0.575337] rpmh_regulator_probe: ldoh4: could not find RPMh address for resource
[    0.575412] init: Loaded kernel module /lib/modules/rpmh-regulator.ko
[    0.575484] init: Loading module /lib/modules/dcvs_fp.ko with args ''
[    0.576376] init: Loaded kernel module /lib/modules/dcvs_fp.ko
[    0.576411] init: Loading module /lib/modules/qcom-dcvs.ko with args ''
[    0.578880] init: Loaded kernel module /lib/modules/qcom-dcvs.ko
[    0.578989] init: Loading module /lib/modules/bwmon.ko with args ''
[    0.579865] init: Loaded kernel module /lib/modules/bwmon.ko
[    0.579915] init: Loading module /lib/modules/qcom-cpufreq-hw.ko with args ''
[    0.580104] gcc-waipio 100000.clock-controller: Registered GCC clocks
[    0.580250] video_cc_mvs0c_gdsc: supplied by pm8350c_s2_mmcx_voter_level
[    0.580322] video_cc_mvs1c_gdsc: supplied by pm8350c_s2_mmcx_voter_level
[    0.580578] cam_cc_bps_gdsc: supplied by pm8350c_s2_mmcx_voter_level
[    0.580642] cam_cc_ife_0_gdsc: supplied by pm8350c_s2_mmcx_voter_level
[    0.580763] cam_cc_ife_1_gdsc: supplied by pm8350c_s2_mmcx_voter_level
[    0.580822] cam_cc_ife_2_gdsc: supplied by pm8350c_s2_mmcx_voter_level
[    0.580879] cam_cc_ipe_0_gdsc: supplied by pm8350c_s2_mmcx_voter_level
[    0.580939] cam_cc_sbi_gdsc: supplied by pm8350c_s2_mmcx_voter_level
[    0.581018] cam_cc_sfe_0_gdsc: supplied by pm8350c_s2_mmcx_voter_level
[    0.581080] cam_cc_sfe_1_gdsc: supplied by pm8350c_s2_mmcx_voter_level
[    0.581147] cam_cc_titan_top_gdsc: supplied by pm8350c_s2_mmcx_voter_level
[    0.581209] disp_cc_mdss_core_gdsc: supplied by pm8450_s4_level
[    0.581280] disp_cc_mdss_core_int2_gdsc: supplied by pm8450_s4_level
[    0.581503] cpu cpu0: EM: created perf domain
[    0.582271] cpu cpu4: EM: created perf domain
[    0.582660] cpu cpu7: EM: created perf domain
[    0.583253] init: Loaded kernel module /lib/modules/qcom-cpufreq-hw.ko
[    0.583308] init: Loading module /lib/modules/mi_schedule.ko with args ''
[    0.583681] video_cc_mvs0_gdsc: supplied by video_cc_mvs0c_gdsc
[    0.583691] in mi_sched_init
[    0.583747] video_cc_mvs1_gdsc: supplied by video_cc_mvs1c_gdsc
[    0.583810] init: Loaded kernel module /lib/modules/mi_schedule.ko
[    0.583843] init: Loading module /lib/modules/metis.ko with args ''
[    0.584752] metis-fas: register_mi_enqueue_task_fair_hook now
[    0.584753] metis-fas: register_mi_dequeue_task_fair_hook now
[    0.584754] metis-fas: register_mi_find_energy_efficient_cpu now
[    0.584755] metis-fas: register_mi_walt_get_indicies now
[    0.584761] metis-doublecyc: LINK: metis_doublecyc_init: inited!
[    0.584766] clu-aff: come into cluster_core_init
[    0.584767] clu-aff: **cluster**1**
[    0.584768] clu-aff: -0 	
[    0.584768] clu-aff: -1 	
[    0.584769] clu-aff: -2 	
[    0.584770] clu-aff: -3 	
[    0.584770] clu-aff: 
[    0.584771] clu-aff: clus_affnity 1 
[    0.584772] clu-aff: -0 	
[    0.584772] clu-aff: -1 	
[    0.584773] clu-aff: -2 	
[    0.584774] clu-aff: -3 	
[    0.584774] clu-aff: 
[    0.584775] clu-aff: **cluster**2**
[    0.584775] clu-aff: -4 	
[    0.584776] clu-aff: -5 	
[    0.584777] clu-aff: -6 	
[    0.584777] clu-aff: 
[    0.584778] clu-aff: clus_affnity 2 
[    0.584778] clu-aff: -0 	
[    0.584779] clu-aff: -1 	
[    0.584780] clu-aff: -2 	
[    0.584780] clu-aff: -3 	
[    0.584781] clu-aff: -4 	
[    0.584781] clu-aff: -5 	
[    0.584782] clu-aff: -6 	
[    0.584782] clu-aff: 
[    0.584783] clu-aff: **cluster**3**
[    0.584784] clu-aff: -7 	
[    0.584784] clu-aff: 
[    0.584785] clu-aff: clus_affnity 3 
[    0.584785] clu-aff: -0 	
[    0.584786] clu-aff: -1 	
[    0.584787] clu-aff: -2 	
[    0.584787] clu-aff: -3 	
[    0.584788] clu-aff: -4 	
[    0.584788] clu-aff: -5 	
[    0.584789] clu-aff: -6 	
[    0.584790] clu-aff: -7 	
[    0.584790] clu-aff: 
[    0.584795] clu-aff: clu_aff clu_aff_init: inited!
[    0.584957] metis-fboost: metis init ...
[    0.584985] metis-fas: FAS: fas_init: inited!
[    0.585092] init: Loaded kernel module /lib/modules/metis.ko
[    0.585104] init: Loading module /lib/modules/sched-walt.ko with args ''
[    0.587034] init: Loaded kernel module /lib/modules/sched-walt.ko
[    0.587078] init: Loading module /lib/modules/thermal_pause.ko with args ''
[    0.587259] metis-fas: change num_sched_clusters from 3 to 3
[    0.587869] core_ctl: Creating CPU group 0
[    0.587870] core_ctl: Init CPU0 state
[    0.587870] core_ctl: Init CPU1 state
[    0.587871] core_ctl: Init CPU2 state
[    0.587871] core_ctl: Init CPU3 state
[    0.587878] core_ctl: Creating CPU group 4
[    0.587879] core_ctl: Init CPU4 state
[    0.587879] core_ctl: Init CPU5 state
[    0.587880] core_ctl: Init CPU6 state
[    0.587885] core_ctl: Creating CPU group 7
[    0.587885] core_ctl: Init CPU7 state
[    0.589460] init: Loaded kernel module /lib/modules/thermal_pause.ko
[    0.589484] init: Loading module /lib/modules/cpu_hotplug.ko with args ''
[    0.590533] init: Loaded kernel module /lib/modules/cpu_hotplug.ko
[    0.590560] init: Loading module /lib/modules/cfg80211.ko with args ''
[    0.595457] cfg80211: Loading compiled-in X.509 certificates for regulatory database
[    0.595649] cfg80211: Loaded X.509 cert 'sforshee: 00b28ddf47aef9cea7'
[    0.595698] platform regulatory.0: Direct firmware load for regulatory.db failed with error -2
[    0.595701] cfg80211: failed to load regulatory.db
[    0.596024] init: Loaded kernel module /lib/modules/cfg80211.ko
[    0.596109] init: Loading module /lib/modules/tmecom-intf.ko with args ''
[    0.596604] init: Loaded kernel module /lib/modules/tmecom-intf.ko
[    0.596642] init: Loading module /lib/modules/hwkm.ko with args ''
[    0.596811] init: Loaded kernel module /lib/modules/hwkm.ko
[    0.596833] init: Loading module /lib/modules/crypto-qti-hwkm.ko with args ''
[    0.596993] init: Loaded kernel module /lib/modules/crypto-qti-hwkm.ko
[    0.597016] init: Loading module /lib/modules/crypto-qti-common.ko with args ''
[    0.597204] init: Loaded kernel module /lib/modules/crypto-qti-common.ko
[    0.597210] init: Loading module /lib/modules/cqhci.ko with args ''
[    0.597488] init: Loaded kernel module /lib/modules/cqhci.ko
[    0.597511] init: Loading module /lib/modules/dispcc-diwali.ko with args ''
[    0.597914] init: Loaded kernel module /lib/modules/dispcc-diwali.ko
[    0.597934] init: Loading module /lib/modules/dispcc-waipio.ko with args ''
[    0.599882] disp_cc_pll0 PLL is already enabled
[    0.599994] disp_cc-waipio af00000.clock-controller: Registered DISP CC clocks
[    0.600781] init: Loaded kernel module /lib/modules/dispcc-waipio.ko
[    0.600806] init: Loading module /lib/modules/gcc-diwali.ko with args ''
[    0.601246] init: Loaded kernel module /lib/modules/gcc-diwali.ko
[    0.601270] init: Loading module /lib/modules/gh_arm_drv.ko with args ''
[    0.601403] init: Loaded kernel module /lib/modules/gh_arm_drv.ko
[    0.601422] init: Loading module /lib/modules/gh_ctrl.ko with args ''
[    0.601569] init: Loaded kernel module /lib/modules/gh_ctrl.ko
[    0.601587] init: Loading module /lib/modules/gh_dbl.ko with args ''
[    0.601740] init: Loaded kernel module /lib/modules/gh_dbl.ko
[    0.601759] init: Loading module /lib/modules/gh_msgq.ko with args ''
[    0.601919] init: Loaded kernel module /lib/modules/gh_msgq.ko
[    0.601938] init: Loading module /lib/modules/gh_rm_drv.ko with args ''
[    0.602362] gh_msgq: Registered client for label: 0
[    0.602462] init: Loaded kernel module /lib/modules/gh_rm_drv.ko
[    0.602483] init: Loading module /lib/modules/iommu-logger.ko with args ''
[    0.602611] init: Loaded kernel module /lib/modules/iommu-logger.ko
[    0.602632] init: Loading module /lib/modules/kryo_arm64_edac.ko with args ''
[    0.602919] init: Loaded kernel module /lib/modules/kryo_arm64_edac.ko
[    0.602950] init: Loading module /lib/modules/llcc-qcom.ko with args ''
[    0.603264] qcom-llcc 19200000.cache-controller: invalid resource
[    0.603267] qcom-llcc 19200000.cache-controller: invalid resource
[    0.603272] qcom-llcc 19200000.cache-controller: invalid resource
[    0.603615] init: Loaded kernel module /lib/modules/llcc-qcom.ko
[    0.603636] init: Loading module /lib/modules/mac80211.ko with args ''
[    0.608408] init: Loaded kernel module /lib/modules/mac80211.ko
[    0.608458] init: Loading module /lib/modules/secure_buffer.ko with args ''
[    0.608862] init: Loaded kernel module /lib/modules/secure_buffer.ko
[    0.608871] init: Loading module /lib/modules/mem_buf_dev.ko with args ''
[    0.609656] init: Loaded kernel module /lib/modules/mem_buf_dev.ko
[    0.609697] init: Loading module /lib/modules/msm_dma_iommu_mapping.ko with args ''
[    0.609882] init: Loaded kernel module /lib/modules/msm_dma_iommu_mapping.ko
[    0.609908] init: Loading module /lib/modules/qcom_dma_heaps.ko with args ''
[    0.610440] init 1 qcom,system
[    0.610509] qcom_system_heap_create: DMA-BUF Heap: Created 'qcom,system'
[    0.610515] qcom_system_heap_create: DMA-BUF Heap: Created 'system'
[    0.610529] qcom_secure_system_heap_create: DMA-BUF Heap: Created 'qcom,secure-pixel'
[    0.610535] qcom_secure_system_heap_create: DMA-BUF Heap: Created 'qcom,secure-non-pixel'
[    0.610623] platform soc:qcom,dma-heaps:qcom,adsp: assigned reserved memory node sdsp_region
[    0.610646] platform soc:qcom,dma-heaps:qcom,user_contig: assigned reserved memory node user_contig_region
[    0.610666] platform soc:qcom,dma-heaps:qcom,sp_hlos: assigned reserved memory node sp_region
[    0.610732] platform soc:qcom,dma-heaps:qcom,qseecom: assigned reserved memory node qseecom_region
[    0.610754] platform soc:qcom,dma-heaps:qcom,qseecom_ta: assigned reserved memory node qseecom_ta_region
[    0.610774] platform soc:qcom,dma-heaps:qcom,display: assigned reserved memory node non_secure_display_region
[    0.610796] platform soc:qcom,dma-heaps:qcom,demura: assigned reserved memory node demura_heap_region
[    0.610817] platform soc:qcom,dma-heaps:qcom,audio_ml: assigned reserved memory node audio_cma_region
[    0.641770] qcom_dma_heap_probe: DMA-BUF Heap: Created qcom,secure-cdsp
[    0.641784] qcom_dma_heap_probe: DMA-BUF Heap: Created qcom,adsp
[    0.641791] qcom_dma_heap_probe: DMA-BUF Heap: Created qcom,user-contig
[    0.641800] qcom_dma_heap_probe: DMA-BUF Heap: Created qcom,sp-hlos
[    0.642324] qcom_dma_heap_probe: DMA-BUF Heap: Created qcom,secure-sp-modem
[    0.643890] qcom_dma_heap_probe: DMA-BUF Heap: Created qcom,secure-sp-tz
[    0.643901] qcom_dma_heap_probe: DMA-BUF Heap: Created qcom,qseecom
[    0.643909] qcom_dma_heap_probe: DMA-BUF Heap: Created qcom,qseecom-ta
[    0.643916] qcom_dma_heap_probe: DMA-BUF Heap: Created qcom,display
[    0.643923] qcom_dma_heap_probe: DMA-BUF Heap: Created qcom,demura
[    0.643931] qcom_dma_heap_probe: DMA-BUF Heap: Created qcom,audio-ml
[    0.644303] init: Loaded kernel module /lib/modules/qcom_dma_heaps.ko
[    0.644336] init: Loading module /lib/modules/mem_buf.ko with args ''
[    0.645027] gh_msgq: Registered client for label: 1
[    0.645398] init: Loaded kernel module /lib/modules/mem_buf.ko
[    0.645482] init: Loading module /lib/modules/mem-hooks.ko with args ''
[    0.645773] init: Loaded kernel module /lib/modules/mem-hooks.ko
[    0.645820] init: Loading module /lib/modules/memory_dump_v2.ko with args ''
[    0.646217] msm_mem_dump soc:mem_dump: assigned reserved memory node mem_dump_region
[    0.653782] MSM Memory Dump apps data table set up
[    0.654370] init: Loaded kernel module /lib/modules/memory_dump_v2.ko
[    0.654438] init: Loading module /lib/modules/miev.ko with args ''
[    0.654476] miev: module is from the staging directory, the quality is unknown, you have been warned.
[    0.654874] CHRDEV "miev" major requested (520) is greater than the maximum (511)
[    0.655080] init: Loaded kernel module /lib/modules/miev.ko
[    0.655156] init: Loading module /lib/modules/pinctrl-msm.ko with args ''
[    0.655771] init: Loaded kernel module /lib/modules/pinctrl-msm.ko
[    0.655818] init: Loading module /lib/modules/pinctrl-waipio.ko with args ''
[    0.656700] init: Loaded kernel module /lib/modules/pinctrl-waipio.ko
[    0.656779] init: Loading module /lib/modules/qnoc-qos.ko with args ''
[    0.657021] init: Loaded kernel module /lib/modules/qnoc-qos.ko
[    0.657044] init: Loading module /lib/modules/qnoc-waipio.ko with args ''
[    0.659803] init: Loaded kernel module /lib/modules/qnoc-waipio.ko
[    0.659852] init: Loading module /lib/modules/qti-fixed-regulator.ko with args ''
[    0.660235] init: Loaded kernel module /lib/modules/qti-fixed-regulator.ko
[    0.660260] qcom-bwmon: Zone thres larger than hw limit: hi:267 med:400 lo:0
[    0.660270] init: Loading module /lib/modules/reboot-mode.ko with args ''
[    0.660444] init: Loaded kernel module /lib/modules/reboot-mode.ko
[    0.660480] init: Loading module /lib/modules/msm-geni-se.ko with args ''
[    0.661012] init: Loaded kernel module /lib/modules/msm-geni-se.ko
[    0.661020] init: Loading module /lib/modules/msm_geni_serial.ko with args 'con_enabled=0
[    0.661021] init: '
[    0.661540] msm_geni_serial_init: Driver initialized
[    0.661580] init: Loaded kernel module /lib/modules/msm_geni_serial.ko
[    0.661603] init: Loading module /lib/modules/nvmem_qcom-spmi-sdam.ko with args ''
[    0.661781] init: Loaded kernel module /lib/modules/nvmem_qcom-spmi-sdam.ko
[    0.661802] init: Loading module /lib/modules/phy-generic.ko with args ''
[    0.662014] usb_phy_generic soc:usb_nop_phy: supply vcc not found, using dummy regulator
[    0.662046] usb_phy_generic soc:usb_nop_phy: dummy supplies not allowed for exclusive requests
[    0.662145] init: Loaded kernel module /lib/modules/phy-generic.ko
[    0.662168] init: Loading module /lib/modules/phy-qcom-ufs.ko with args ''
[    0.662420] init: Loaded kernel module /lib/modules/phy-qcom-ufs.ko
[    0.662441] init: Loading module /lib/modules/phy-qcom-ufs-qmp-v4-waipio.ko with args ''
[    0.662670] init: Loaded kernel module /lib/modules/phy-qcom-ufs-qmp-v4-waipio.ko
[    0.662692] init: Loading module /lib/modules/phy-qcom-ufs-qmp-v4-diwali.ko with args ''
[    0.662895] init: Loaded kernel module /lib/modules/phy-qcom-ufs-qmp-v4-diwali.ko
[    0.662917] init: Loading module /lib/modules/phy-qcom-ufs-qmp-v4-cape.ko with args ''
[    0.663197] init: Loaded kernel module /lib/modules/phy-qcom-ufs-qmp-v4-cape.ko
[    0.663229] init: Loading module /lib/modules/pinctrl-cape.ko with args ''
[    0.663981] init: Loaded kernel module /lib/modules/pinctrl-cape.ko
[    0.664027] init: Loading module /lib/modules/pinctrl-diwali.ko with args ''
[    0.664247] CAMERA_ULTRA_AVDD: supplied by pm8350c_bob
[    0.664366] CAMERA_MACRO_AVDD: supplied by pm8350c_bob
[    0.664464] init: Loaded kernel module /lib/modules/pinctrl-diwali.ko
[    0.664487] init: Loading module /lib/modules/qcom-dload-mode.ko with args ''
[    0.664489] camera_wide_dvdd_ldo: supplied by pm8350_s12
[    0.664637] CAMERA_MACRO_IOVDD: supplied by pm8350c_bob
[    0.665022] init: Loaded kernel module /lib/modules/qcom-dload-mode.ko
[    0.665046] init: Loading module /lib/modules/qcom_gic_intr_routing.ko with args ''
[    0.665321] init: Loaded kernel module /lib/modules/qcom_gic_intr_routing.ko
[    0.665342] init: Loading module /lib/modules/qcom_iommu_util.ko with args ''
[    0.665408] msm_geni_serial 99c000.qcom,qup_uart: msm_geni_serial_probe, Console Disabled
[    0.665784] qcom_dma_iommu soc:dma_dev@0x0: assigned reserved memory node linux,cma
[    0.665929] DMA: preallocated 256 KiB pool for atomic allocations
[    0.666075] init: Loaded kernel module /lib/modules/qcom_iommu_util.ko
[    0.666097] init: Loading module /lib/modules/qcom_llcc_pmu.ko with args ''
[    0.666305] qcom-llcc-pmu 19095000.llcc-pmu: Registered llcc_pmu, type: 9
[    0.666572] init: Loaded kernel module /lib/modules/qcom_llcc_pmu.ko
[    0.666593] init: Loading module /lib/modules/qcom-pmu-lib.ko with args ''
[    0.667160] init: Loaded kernel module /lib/modules/qcom-pmu-lib.ko
[    0.667182] init: Loading module /lib/modules/pmu_vendor.ko with args ''
[    0.667334] init: Loaded kernel module /lib/modules/pmu_vendor.ko
[    0.667355] init: Loading module /lib/modules/pmu_scmi.ko with args ''
[    0.667500] init: Loaded kernel module /lib/modules/pmu_scmi.ko
[    0.667534] init: Loading module /lib/modules/qti-regmap-debugfs.ko with args ''
[    0.667745] init: Loaded kernel module /lib/modules/qti-regmap-debugfs.ko
[    0.667765] init: Loading module /lib/modules/regmap-spmi.ko with args ''
[    0.667910] init: Loaded kernel module /lib/modules/regmap-spmi.ko
[    0.667916] init: Loading module /lib/modules/qcom-spmi-pmic.ko with args ''
[    0.668047] init: Loaded kernel module /lib/modules/qcom-spmi-pmic.ko
[    0.668066] init: Loading module /lib/modules/spmi-pmic-arb.ko with args ''
[    0.668374] spmi spmi-0: PMIC arbiter version v7 (0x70000000)
[    0.673557] spmi spmi-1: PMIC arbiter version v7 (0x70000000)
[    0.674553] init: Loaded kernel module /lib/modules/spmi-pmic-arb.ko
[    0.674580] init: Loading module /lib/modules/qcom-reboot-reason.ko with args ''
[    0.674879] init: Loaded kernel module /lib/modules/qcom-reboot-reason.ko
[    0.674905] init: Loading module /lib/modules/qnoc-diwali.ko with args ''
[    0.675487] init: Loaded kernel module /lib/modules/qnoc-diwali.ko
[    0.675510] init: Loading module /lib/modules/qrtr.ko with args ''
[    0.676038] NET: Registered protocol family 42
[    0.676159] init: Loaded kernel module /lib/modules/qrtr.ko
[    0.676179] init: Loading module /lib/modules/rtc-pm8xxx.ko with args ''
[    0.676675] rtc-pm8xxx c42d000.qcom,spmi:qcom,pmk8350@0:rtc@6100: registered as rtc0
[    0.676706] rtc-pm8xxx c42d000.qcom,spmi:qcom,pmk8350@0:rtc@6100: setting system clock to 1971-04-18T12:02:44 UTC (40824164)
[    0.676786] init: Loaded kernel module /lib/modules/rtc-pm8xxx.ko
[    0.676807] init: Loading module /lib/modules/socinfo.ko with args ''
[    0.677089] v0.16, id=530, ver=1.0, raw_id=473, raw_ver=0, hw_plat=8, hw_plat_ver=65536
 accessory_chip=0, hw_plat_subtype=0, pmic_model=65583, pmic_die_revision=131072 foundry_id=1 serial_number=519387334 num_pmics=6 chip_family=0x82 raw_device_family=0xa raw_device_number=0x8 nproduct_id=0x43b num_clusters=0x1 ncluster_array_offset=0xc0 num_subset_parts=0xf nsubset_parts_array_offset=0xc4 nmodem_supported=0xffffffff sku=CAPE-4294967294-AC
[    0.677139] init: Loaded kernel module /lib/modules/socinfo.ko
[    0.677160] init: Loading module /lib/modules/stub-regulator.ko with args ''
[    0.677412] init: Loaded kernel module /lib/modules/stub-regulator.ko
[    0.677436] init: Loading module /lib/modules/ufshcd-crypto-qti.ko with args ''
[    0.677621] init: Loaded kernel module /lib/modules/ufshcd-crypto-qti.ko
[    0.677645] init: Loading module /lib/modules/ufs_qcom.ko with args ''
[    0.689177] Could not create tracefs 'ufshcd_clk_gating' directory
[    0.689188] Could not create tracefs 'ufshcd_clk_scaling' directory
[    0.689192] Could not create tracefs 'ufshcd_auto_bkops_state' directory
[    0.689195] Could not create tracefs 'ufshcd_profile_hibern8' directory
[    0.689199] Could not create tracefs 'ufshcd_profile_clk_gating' directory
[    0.689203] Could not create tracefs 'ufshcd_profile_clk_scaling' directory
[    0.689207] Could not create tracefs 'ufshcd_system_suspend' directory
[    0.689210] Could not create tracefs 'ufshcd_system_resume' directory
[    0.689213] Could not create tracefs 'ufshcd_runtime_suspend' directory
[    0.689217] Could not create tracefs 'ufshcd_runtime_resume' directory
[    0.689221] Could not create tracefs 'ufshcd_init' directory
[    0.689224] Could not create tracefs 'ufshcd_command' directory
[    0.689228] Could not create tracefs 'ufshcd_uic_command' directory
[    0.689231] Could not create tracefs 'ufshcd_upiu' directory
[    0.692494] init: Loaded kernel module /lib/modules/ufs_qcom.ko
[    0.692542] init: Loading module /lib/modules/arm_smmu.ko with args ''
[    0.694380] arm-smmu 15000000.apps-smmu: 	coherent table walk
[    0.694385] arm-smmu 15000000.apps-smmu: 	stream matching with 113 register groups
[    0.695634] ufshcd-qcom 1d84000.ufshc: Adding to iommu group 0
[    0.695811] init: Loaded kernel module /lib/modules/arm_smmu.ko
[    0.695846] init: Loading module /lib/modules/hwid.ko with args 'hwid_value=589824 project=14 build_adc=65491 project_adc=24808'
[    0.696089] init: Loaded kernel module /lib/modules/hwid.ko
[    0.696119] init: Loading module /lib/modules/mi_memory.ko with args ''
[    0.696441] init: Loaded kernel module /lib/modules/mi_memory.ko
[    0.696467] init: Loading module /lib/modules/qcom_aoss.ko with args ''
[    0.696745] ufshcd-qcom 1d84000.ufshc: nvmem get errs
[    0.696909] ufshcd-qcom 1d84000.ufshc: ufshcd_populate_vreg: unable to find vdd-hba-max-microamp
[    0.696948] ufshcd-qcom 1d84000.ufshc: ufshcd_populate_vreg: Unable to find vccq2-supply regulator, assuming enabled
[    0.697263] init: Loaded kernel module /lib/modules/qcom_aoss.ko
[    0.697291] init: Loading module /lib/modules/msm_qmp.ko with args ''
[    0.697526] ufshcd-qcom 1d84000.ufshc: ufs_qcom_parse_reg_info: Unable to find qcom,vccq-parent-supply regulator, assuming enabled
[    0.697548] ufshcd-qcom 1d84000.ufshc: ufs_qcom_parse_turbo_clk_freq multi_level_clk_scaling_support = 1
[    0.697702] ufshcd-qcom 1d84000.ufshc: Found QC Inline Crypto Engine (ICE) v3.2.1
[    0.698180] [1]: __qmp_rx_worker: RX int without negotiation ack
[    0.698302] init: Loaded kernel module /lib/modules/msm_qmp.ko
[    0.698327] init: Loading module /lib/modules/mi_power.ko with args ''
[    0.698343] scsi host0: ufshcd
[    0.698650] [xiaomi_power] pm_debug_init:  register sysfs succecss.
[    0.698666] init: Loaded kernel module /lib/modules/mi_power.ko
[    0.698687] init: Loading module /lib/modules/qcom_rimps.ko with args ''
[    0.698952] init: Loaded kernel module /lib/modules/qcom_rimps.ko
[    0.698973] init: Loading module /lib/modules/c1dcvs_vendor.ko with args ''
[    0.699117] init: Loaded kernel module /lib/modules/c1dcvs_vendor.ko
[    0.699136] init: Loading module /lib/modules/c1dcvs_scmi.ko with args ''
[    0.699293] init: Loaded kernel module /lib/modules/c1dcvs_scmi.ko
[    0.699313] init: Loading module /lib/modules/bcl_pmic5.ko with args ''
[    0.701624] init: Loaded kernel module /lib/modules/bcl_pmic5.ko
[    0.701652] init: Loading module /lib/modules/perfmgr.ko with args ''
[    0.702080] perfmgr_policy: perfmgr_policy_init max_freq_limit_level_limit  39
[    0.702108] init: Loaded kernel module /lib/modules/perfmgr.ko
[    0.702131] init: Loading module /lib/modules/nfc_i2c.ko with args ''
[    0.702428] loading NFC I2C driver
[    0.702455] init: Loaded kernel module /lib/modules/nfc_i2c.ko
[    0.702475] init: Loading module /lib/modules/bootinfo.ko with args 'pureason=0x40001 pdreason=0x2'
[    0.702642] init: Loaded kernel module /lib/modules/bootinfo.ko
[    0.702663] init: Loading module /lib/modules/debug_ext.ko with args 'initrd_size=24860'
[    0.703254] debug_ext_init: init done!
[    0.703449] init: Loaded kernel module /lib/modules/debug_ext.ko
[    0.703472] init: Loading module /lib/modules/swinfo.ko with args 'fingerprint=mondrian:12/OS2.0.220.0.VMNCNXM:user'
[    0.703656] init: Loaded kernel module /lib/modules/swinfo.ko
[    0.703834] init: Loaded 109 kernel modules took 297 ms
[    0.703902] init: Copied ramdisk prop to /second_stage_resources/system/etc/ramdisk/build.prop
[    0.704031] init: [libfs_mgr]dt_fstab: Skip disabled entry for partition vendor
[    0.704035] init: [libfs_mgr]ReadFstabFromDt(): failed to read fstab from dt
[    0.704057] init: [libfs_mgr]dt_fstab: Skip disabled entry for partition vendor
[    0.704346] init: Using Android DT directory /proc/device-tree/firmware/android/
[    0.708860] tmecom-qmp-client soc:qcom,tmecom-qmp-client: tmecom probe success
[    0.719645] ufshcd-qcom 1d84000.ufshc: ufshcd_print_pwr_info:[RX, TX]: gear=[1, 1], lane[1, 1], pwr[SLOWAUTO_MODE, SLOWAUTO_MODE], rate = 0
[    0.720267] arm-scmi soc:qcom,scmi: SCMI Notifications - Core Enabled.
[    0.720480] arm-scmi soc:qcom,scmi: SCMI Protocol v2.0 'Qualcomm:' Firmware version 0x10000
[    0.736319] init: bool android::init::BlockDevInitializer::InitDevices(std::set<std::string>): partition(s) not found in /sys, waiting for their uevent(s): boot_a, dtbo_a, metadata, recovery_a, super, vbmeta_a, vbmeta_system_a
[    0.747304] ufshcd-qcom 1d84000.ufshc: ufshcd_print_pwr_info:[RX, TX]: gear=[4, 4], lane[2, 2], pwr[FAST MODE, FAST MODE], rate = 2
[    0.747363] ufshcd-qcom 1d84000.ufshc: ufshcd_find_max_sup_active_icc_level: Regulator capability was not set, actvIccLevel=0
[    0.747442] ufshcd-qcom 1d84000.ufshc: ufshcd_wb_config: Write Booster Configured
[    0.747721] coresight-clk-disable-amba 10048000.tmc: Adding to iommu group 1
[    0.747801] scsi 0:0:0:49488: Well-known LUN    SAMSUNG  KLUFG8RHGB-B0E1  0401 PQ: 0 ANSI: 6
[    0.748238] scsi 0:0:0:49476: Well-known LUN    SAMSUNG  KLUFG8RHGB-B0E1  0401 PQ: 0 ANSI: 6
[    0.748278] coresight-clk-disable-amba 1004f000.tmc: Adding to iommu group 2
[    0.748604] scsi 0:0:0:49456: Well-known LUN    SAMSUNG  KLUFG8RHGB-B0E1  0401 PQ: 0 ANSI: 6
[    0.749153] qupv3_geni_se 9c0000.qcom,qupv3_0_geni_se: Adding to iommu group 3
[    0.749165] scsi 0:0:0:0: Direct-Access     SAMSUNG  KLUFG8RHGB-B0E1  0401 PQ: 0 ANSI: 6
[    0.749465] qupv3_geni_se ac0000.qcom,qupv3_1_geni_se: Adding to iommu group 4
[    0.749720] sd 0:0:0:0: Power-on or device reset occurred
[    0.749824] qupv3_geni_se 8c0000.qcom,qupv3_2_geni_se: Adding to iommu group 5
[    0.750067] scsi 0:0:0:1: Direct-Access     SAMSUNG  KLUFG8RHGB-B0E1  0401 PQ: 0 ANSI: 6
[    0.750372] sd 0:0:0:0: [sda] 124212224 4096-byte logical blocks: (509 GB/474 GiB)
[    0.750408] scsi 0:0:0:2: Direct-Access     SAMSUNG  KLUFG8RHGB-B0E1  0401 PQ: 0 ANSI: 6
[    0.750422] sd 0:0:0:0: [sda] Write Protect is off
[    0.750426] sd 0:0:0:0: [sda] Mode Sense: 00 32 00 10
[    0.750504] msm_geni_serial 894000.qcom,qup_uart: Wakeup byte 0xfd
[    0.750519] sd 0:0:0:0: [sda] Write cache: enabled, read cache: enabled, supports DPO and FUA
[    0.750566] sd 0:0:0:0: [sda] Optimal transfer size 524288 bytes
[    0.750739] sd 0:0:0:1: Power-on or device reset occurred
[    0.750820] scsi 0:0:0:3: Direct-Access     SAMSUNG  KLUFG8RHGB-B0E1  0401 PQ: 0 ANSI: 6
[    0.750822] sd 0:0:0:2: Power-on or device reset occurred
[    0.750979] msm_geni_serial 894000.qcom,qup_uart: Serial port0 added.FifoSize 64 is_console0
[    0.751089] 894000.qcom,qup_uart: ttyHS0 at MMIO 0x894000 (irq = 82, base_baud = 0) is a MSM
[    0.751239] sd 0:0:0:3: Power-on or device reset occurred
[    0.751275] sd 0:0:0:1: [sdb] 4096 4096-byte logical blocks: (16.8 MB/16.0 MiB)
[    0.751310] scsi 0:0:0:4: Direct-Access     SAMSUNG  KLUFG8RHGB-B0E1  0401 PQ: 0 ANSI: 6
[    0.751338] sd 0:0:0:1: [sdb] Write Protect is off
[    0.751341] sd 0:0:0:1: [sdb] Mode Sense: 00 32 00 10
[    0.751478] sd 0:0:0:1: [sdb] Write cache: enabled, read cache: enabled, supports DPO and FUA
[    0.751531] sd 0:0:0:1: [sdb] Optimal transfer size 524288 bytes
[    0.751558] sd 0:0:0:2: [sdc] 4096 4096-byte logical blocks: (16.8 MB/16.0 MiB)
[    0.751661] sd 0:0:0:4: Power-on or device reset occurred
[    0.751770] arm-scmi soc:qcom,scmi: version 1.0
[    0.752135] scsi 0:0:0:5: Direct-Access     SAMSUNG  KLUFG8RHGB-B0E1  0401 PQ: 0 ANSI: 6
[    0.752140] sd 0:0:0:2: [sdc] Write Protect is off
[    0.752143] sd 0:0:0:2: [sdc] Mode Sense: 00 32 00 10
[    0.752587] sd 0:0:0:3: [sdd] 8192 4096-byte logical blocks: (33.6 MB/32.0 MiB)
[    0.752610] sd 0:0:0:2: [sdc] Write cache: enabled, read cache: enabled, supports DPO and FUA
[    0.752699] sd 0:0:0:2: [sdc] Optimal transfer size 524288 bytes
[    0.752748] sd 0:0:0:3: [sdd] Write Protect is off
[    0.752752] sd 0:0:0:3: [sdd] Mode Sense: 00 32 00 10
[    0.753237] CLD init ops succeed
[    0.753239] ufscld_create_sysfs:282 info: ufscld creates sysfs ufscld 00000000ae71d30c dev->kobj 000000006ccc19d0
[    0.753241] ufscld_create_sysfs:289 info: ufscld sysfs attr creates: frag_level
[    0.753242] ufscld_create_sysfs:289 info: ufscld sysfs attr creates: cld_operation_status
[    0.753242] ufscld_create_sysfs:289 info: ufscld sysfs attr creates: trigger
[    0.753243] ufscld_create_sysfs:289 info: ufscld sysfs attr creates: trigger_interval
[    0.753244] ufscld_create_sysfs:289 info: ufscld sysfs attr creates: debug
[    0.753245] ufscld_create_sysfs:289 info: ufscld sysfs attr creates: block_suspend
[    0.753246] ufscld_create_sysfs:289 info: ufscld sysfs attr creates: auto_hibern8_enable
[    0.753247] ufscld_init:496 info: UFS cld create sysfs finished
[    0.753272] sd 0:0:0:5: Power-on or device reset occurred
[    0.753398] sd 0:0:0:3: [sdd] Write cache: enabled, read cache: enabled, supports DPO and FUA
[    0.753451] sd 0:0:0:3: [sdd] Optimal transfer size 524288 bytes
[    0.753936] sda: sda1 sda2 sda3 sda4 sda5 sda6 sda7 sda8 sda9 sda10 sda11 sda12 sda13 sda14 sda15 sda16 sda17 sda18 sda19 sda20 sda21 sda22 sda23 sda24 sda25 sda26 sda27 sda28 sda29 sda30 sda31 sda32 sda33 sda34 sda35 sda36 sda37
[    0.753945] sd 0:0:0:4: [sde] 713728 4096-byte logical blocks: (2.92 GB/2.72 GiB)
[    0.754000] sd 0:0:0:4: [sde] Write Protect is off
[    0.754003] sd 0:0:0:4: [sde] Mode Sense: 00 32 00 10
[    0.754108] sd 0:0:0:4: [sde] Write cache: enabled, read cache: enabled, supports DPO and FUA
[    0.754279] sd 0:0:0:4: [sde] Optimal transfer size 524288 bytes
[    0.755309] sd 0:0:0:5: [sdf] 8192 4096-byte logical blocks: (33.6 MB/32.0 MiB)
[    0.755381] sdb: sdb1 sdb2 sdb3 sdb4 sdb5
[    0.755622] sd 0:0:0:5: [sdf] Write Protect is off
[    0.755625] sd 0:0:0:5: [sdf] Mode Sense: 00 32 00 10
[    0.755896] sd 0:0:0:5: [sdf] Write cache: enabled, read cache: enabled, supports DPO and FUA
[    0.756208] sdc: sdc1 sdc2 sdc3 sdc4 sdc5
[    0.756254] sd 0:0:0:5: [sdf] Optimal transfer size 524288 bytes
[    0.756355] sd 0:0:0:0: [sda] Attached SCSI disk
[    0.757426] sdd: sdd1 sdd2 sdd3 sdd4 sdd5
[    0.758505] sd 0:0:0:1: [sdb] Attached SCSI disk
[    0.758601] sde: sde1 sde2 sde3 sde4 sde5 sde6 sde7 sde8 sde9 sde10 sde11 sde12 sde13 sde14 sde15 sde16 sde17 sde18 sde19 sde20 sde21 sde22 sde23 sde24 sde25 sde26 sde27 sde28 sde29 sde30 sde31 sde32 sde33 sde34 sde35 sde36 sde37 sde38 sde39 sde40 sde41 sde42 sde43 sde44 sde45 sde46 sde47 sde48 sde49 sde50 sde51 sde52 sde53 sde54 sde55 sde56 sde57 sde58 sde59 sde60 sde61 sde62 sde63 sde64 sde65 sde66 sde67 sde68 sde69 sde70 sde71 sde72 sde73 sde74 sde75 sde76
[    0.759355] sd 0:0:0:2: [sdc] Attached SCSI disk
[    0.759562] sd 0:0:0:3: [sdd] Attached SCSI disk
[    0.759834] sdf: sdf1 sdf2 sdf3 sdf4 sdf5 sdf6
[    0.759914] init: Wait for partitions returned after 23ms
[    0.760213] init: [libfs_mgr]superblock s_max_mnt_count:65535,/dev/block/by-name/metadata
[    0.760224] init: [libfs_mgr]Filesystem on /dev/block/by-name/metadata was not cleanly shutdown; state flags: 0x1, incompat feature flags: 0x46
[    0.760425] EXT4-fs (sda17): Ignoring removed nomblk_io_submit option
[    0.762123] sd 0:0:0:5: [sdf] Attached SCSI disk
[    0.762375] sd 0:0:0:4: [sde] Attached SCSI disk
[    0.786566] EXT4-fs (sda17): recovery complete
[    0.786775] EXT4-fs (sda17): mounted filesystem with ordered data mode. Opts: errors=remount-ro,nomblk_io_submit
[    0.786791] init: [libfs_mgr]check_fs(): mount(/dev/block/by-name/metadata,/metadata,ext4)=0: Success
[    0.787464] init: [libfs_mgr]check_fs(): unmount(/metadata) succeeded
[    0.787486] init: [libfs_mgr]Not running /system/bin/e2fsck on /dev/block/sda17 (executable not in system image)
[    0.788372] EXT4-fs (sda17): mounted filesystem with ordered data mode. Opts: discard
[    0.788382] init: [libfs_mgr]__mount(source=/dev/block/by-name/metadata,target=/metadata,type=ext4)=0: Success
[    0.789983] init: [libfs_mgr]Created logical partition mi_ext_a on device /dev/block/dm-0
[    0.790115] init: [libfs_mgr]Created logical partition odm_a on device /dev/block/dm-1
[    0.790241] init: [libfs_mgr]Created logical partition product_a on device /dev/block/dm-2
[    0.790358] init: [libfs_mgr]Created logical partition system_a on device /dev/block/dm-3
[    0.790471] init: [libfs_mgr]Created logical partition system_ext_a on device /dev/block/dm-4
[    0.790588] init: [libfs_mgr]Created logical partition vendor_a on device /dev/block/dm-5
[    0.790704] init: [libfs_mgr]Created logical partition vendor_dlkm_a on device /dev/block/dm-6
[    0.790706] init: [libfs_mgr]Skipping zero-length logical partition: mi_ext_b
[    0.790707] init: [libfs_mgr]Skipping zero-length logical partition: odm_b
[    0.790709] init: [libfs_mgr]Skipping zero-length logical partition: product_b
[    0.790711] init: [libfs_mgr]Skipping zero-length logical partition: system_b
[    0.790712] init: [libfs_mgr]Skipping zero-length logical partition: system_ext_b
[    0.790714] init: [libfs_mgr]Skipping zero-length logical partition: vendor_b
[    0.790715] init: [libfs_mgr]Skipping zero-length logical partition: vendor_dlkm_b
[    0.790724] init: DSU not detected, proceeding with normal boot
[    0.791325] init: [libfs_avb]Invalid hash size: 
[    0.791329] init: [libfs_avb]Failed to verify vbmeta digest
[    0.791332] init: [libfs_avb]Returning avb_handle with status: VerificationDisabled
[    0.791335] init: Top-level vbmeta is disabled, skip Hashtree setup for /system
[    0.791664] init: [libfs_mgr]Invalid ext4 superblock on '/dev/block/dm-3'
[    0.791808] EXT4-fs (dm-3): VFS: Can't find ext4 filesystem
[    0.791827] init: [libfs_mgr]__mount(source=/dev/block/dm-3,target=/system,type=ext4)=-1: Invalid argument
[    0.791985] erofs: (device dm-3): mounted with root inode @ nid 58.
[    0.791992] init: [libfs_mgr]__mount(source=/dev/block/dm-3,target=/system,type=erofs)=0: Success
[    0.792049] init: Switching root to '/system'
[    0.792416] init: [libfs_avb]AVB HASHTREE disabled on: /system_ext
[    0.792564] init: [libfs_mgr]Invalid ext4 superblock on '/dev/block/dm-4'
[    0.792704] EXT4-fs (dm-4): VFS: Can't find ext4 filesystem
[    0.792721] init: [libfs_mgr]__mount(source=/dev/block/dm-4,target=/system_ext,type=ext4)=-1: Invalid argument
[    0.792851] erofs: (device dm-4): mounted with root inode @ nid 42.
[    0.792857] init: [libfs_mgr]__mount(source=/dev/block/dm-4,target=/system_ext,type=erofs)=0: Success
[    0.792942] init: [libfs_avb]AVB HASHTREE disabled on: /product
[    0.793244] init: [libfs_mgr]Invalid ext4 superblock on '/dev/block/dm-2'
[    0.793387] EXT4-fs (dm-2): VFS: Can't find ext4 filesystem
[    0.793402] init: [libfs_mgr]__mount(source=/dev/block/dm-2,target=/product,type=ext4)=-1: Invalid argument
[    0.793545] erofs: (device dm-2): mounted with root inode @ nid 40.
[    0.793550] init: [libfs_mgr]__mount(source=/dev/block/dm-2,target=/product,type=erofs)=0: Success
[    0.793632] init: [libfs_avb]AVB HASHTREE disabled on: /vendor
[    0.793838] init: [libfs_mgr]Invalid ext4 superblock on '/dev/block/dm-5'
[    0.793993] EXT4-fs (dm-5): VFS: Can't find ext4 filesystem
[    0.794008] init: [libfs_mgr]__mount(source=/dev/block/dm-5,target=/vendor,type=ext4)=-1: Invalid argument
[    0.794161] erofs: (device dm-5): mounted with root inode @ nid 56.
[    0.794167] init: [libfs_mgr]__mount(source=/dev/block/dm-5,target=/vendor,type=erofs)=0: Success
[    0.794248] init: [libfs_avb]AVB HASHTREE disabled on: /vendor_dlkm
[    0.794494] init: [libfs_mgr]Invalid ext4 superblock on '/dev/block/dm-6'
[    0.794645] EXT4-fs (dm-6): VFS: Can't find ext4 filesystem
[    0.794661] init: [libfs_mgr]__mount(source=/dev/block/dm-6,target=/vendor_dlkm,type=ext4)=-1: Invalid argument
[    0.794805] erofs: (device dm-6): mounted with root inode @ nid 38.
[    0.794811] init: [libfs_mgr]__mount(source=/dev/block/dm-6,target=/vendor_dlkm,type=erofs)=0: Success
[    0.794885] init: [libfs_avb]AVB HASHTREE disabled on: /odm
[    0.795154] init: [libfs_mgr]Invalid ext4 superblock on '/dev/block/dm-1'
[    0.795311] EXT4-fs (dm-1): VFS: Can't find ext4 filesystem
[    0.795328] init: [libfs_mgr]__mount(source=/dev/block/dm-1,target=/odm,type=ext4)=-1: Invalid argument
[    0.795486] erofs: (device dm-1): mounted with root inode @ nid 39.
[    0.795491] init: [libfs_mgr]__mount(source=/dev/block/dm-1,target=/odm,type=erofs)=0: Success
[    0.795577] init: [libfs_avb]AVB HASHTREE disabled on: /mnt/vendor/mi_ext
[    0.795787] init: [libfs_mgr]Invalid ext4 superblock on '/dev/block/dm-0'
[    0.795954] EXT4-fs (dm-0): VFS: Can't find ext4 filesystem
[    0.795969] init: [libfs_mgr]__mount(source=/dev/block/dm-0,target=/mnt/vendor/mi_ext,type=ext4)=-1: Invalid argument
[    0.796111] erofs: (device dm-0): mounted with root inode @ nid 38.
[    0.796117] init: [libfs_mgr]__mount(source=/dev/block/dm-0,target=/mnt/vendor/mi_ext,type=erofs)=0: Success
[    0.802255] init: Skipped setting INIT_AVB_VERSION (not in recovery mode)
[    0.839027] init: [libfstab] Using Android DT directory /proc/device-tree/firmware/android/
[    0.839087] init: EarlySetupOverlays check: debug_build: 0, force_debuggable: 0, unlocked: 1, enable_overlay: 0: No such file or directory
[    0.839094] init: EarlySetupOverlays is disabled non-debuggable build: No such file or directory
[    0.839136] init: [libfstab] dt_fstab: Skip disabled entry for partition vendor
[    0.839645] init: [libfstab] ReadDefaultFstab(): target default fstab path=/vendor/etc/fstab.qcom
[    0.840468] init: Opening SELinux policy
[    0.841052] init: /system/etc/selinux/plat_sepolicy_and_mapping.sha256 and /odm/etc/selinux/precompiled_sepolicy.plat_sepolicy_and_mapping.sha256 differ
[    0.841054] init: Compiling SELinux policy
[    0.843572] init: Missing /system/etc/selinux/plat_sepolicy_genfs_202404.cil; skipping
[    0.946954] ufs_ffu Start
[    0.946971] [ufs_ffu] partion: sda start 6144(block) size 2048(block)
[    0.946977] [ufs_ffu] check ffu_arry, vendor:SAMSUNG , product:KLUFG8RHGB-B0E1 , fw_rev:0401
[    0.947986] sd 0:0:0:0: sense key:0x0; asc:0x0; ascq:0x0
[    0.947989] [ufs_ffu] ufs_flag is not FFU ON
[    0.947992] ufs_ffu do not match 0:SAMSUNG KLUEG8UHGC-B0E1
[    0.947992] ufs_ffu do not match 1:SAMSUNG KLUEG8UHGC-B0E1
[    0.947993] ufs_ffu do not match 2:SAMSUNG KLUEG8UHGC-B0E1
[    0.947994] ufs_ffu do not match 3:SAMSUNG KLUEG8UHGC-B0E1
[    0.947994] ufs_ffu do not match 4:SAMSUNG KLUDG4UHGC-B0E1
[    0.947994] ufs_ffu do not match 5:SAMSUNG KLUDG4UHGC-B0E1
[    0.947995] ufs_ffu do not match 6:SAMSUNG KLUDG4UHGC-B0E1
[    0.947995] ufs_ffu do not match 7:SAMSUNG KLUDG4UHGC-B0E1
[    0.947996] match vendor:SAMSUNG , product id:KLUFG8RHGB-B0E1  hw_sectors 1024
[    0.947997] ufs_ffu firmware is already the newest now
[    0.947998] ufs_ffu do not match 9:MICRON MT256GAXAT4U31
[    0.947999] ufs_ffu do not match 10:MICRON MT256GAXAT4U31
[    0.947999] ufs_ffu do not match 11:MICRON MT256GAXAT4U31
[    0.948000] ufs_ffu do not match 12:SKhynix HN8T05DEHKX073
[    0.948000] ufs_ffu do not match 13:SKhynix HN8T15DEHKX075
[    0.948001] ufs_ffu do not match 14:SKhynix HN8T15DEHKX075
[    0.948001] ufs_ffu do not match 15:SKhynix HN8T25DEHKX077
[    0.948002] ufs_ffu do not match 16:WDC SDINFDO4-128G
[    0.948002] ufs_ffu do not match 17:WDC SDINFDO4-256G
[    0.948003] ufs_ffu do not match 18:WDC SDINFDO4-512G
[    0.948003] ufs_ffu do not match 19:WDC SDINFDO4-128G
[    0.948003] ufs_ffu do not match 20:WDC SDINFDO4-256G
[    0.948004] ufs_ffu do not match 21:WDC SDINFDO4-512G
[    0.948004] ufs_ffu do not match 22:WDC SDINFDO4-128G
[    0.948005] ufs_ffu do not match 23:WDC SDINFDO4-256G
[    0.948005] ufs_ffu do not match 24:WDC SDINFDO4-512G
[    0.948006] ufs_ffu do not match 25:SKhynix H9QT0G6CN6X146
[    0.948006] ufs_ffu do not match 26:SKhynix H9QT1G6DN6X132
[    0.948006] ufs_ffu do not match 27:SKhynix H9QT1GGBN6X129
[    0.948007] ufs_ffu do not match 28:SAMSUNG KM8L9001JM-B624
[    0.948007] ufs_ffu do not match 29:SAMSUNG KM8L9001JM-B624
[    0.948008] ufs_ffu do not match 30:SAMSUNG KM8F9001JM-B813
[    0.948008] ufs_ffu do not match 31:SAMSUNG KM8F9001JM-B813
[    0.948009] ufs_ffu do not match 32:MICRON MT128GAXAU2U227X
[    1.396707] init: /system/bin/secilc: linker: Warning: failed to find generated linker configuration from "/linkerconfig/ld.config.txt"
[    1.396720] init: /system/bin/secilc: WARNING: linker: Warning: failed to find generated linker configuration from "/linkerconfig/ld.config.txt"
[    1.397791] init: Loading SELinux policy
[    1.412904] SELinux:  policy capability network_peer_controls=1
[    1.412906] SELinux:  policy capability open_perms=1
[    1.412907] SELinux:  policy capability extended_socket_class=1
[    1.412908] SELinux:  policy capability always_check_network=0
[    1.412909] SELinux:  policy capability cgroup_seclabel=0
[    1.412910] SELinux:  policy capability nnp_nosuid_transition=1
[    1.412910] SELinux:  policy capability genfs_seclabel_symlinks=0
[    1.412911] SELinux:  policy capability ioctl_skip_cloexec=0
[    1.488119] audit: type=1403 audit(40824165.307:2): auid=4294967295 ses=4294967295 lsm=selinux res=1
[    1.488129] audit: type=1404 audit(40824165.307:3): enforcing=1 old_enforcing=0 auid=4294967295 ses=4294967295 enabled=1 old-enabled=1 lsm=selinux res=1
[    1.497052] KernelSU: /system/bin/init second_stage executed
[    1.513844] KernelSU: Cached su SID: 85
[    1.513848] KernelSU: Cached zygote SID: 86
[    1.513849] KernelSU: Cached init SID: 87
[    1.513851] KernelSU: Cached ksu_file SID: 88
[    1.518493] init: init second stage started!
[    1.526811] selinux: SELinux: Loaded file context from:
[    1.526814] selinux: 		/system/etc/selinux/plat_file_contexts
[    1.526815] selinux: 		/system_ext/etc/selinux/system_ext_file_contexts
[    1.526816] selinux: 		/product/etc/selinux/product_file_contexts
[    1.526817] selinux: 		/vendor/etc/selinux/vendor_file_contexts
[    1.532974] init: [libfstab] Using Android DT directory /proc/device-tree/firmware/android/
[    1.535339] init: Overriding previous property 'ro.cp_system_other_odex':'1' with new value '0'
[    1.536064] audit: type=1107 audit(40824165.355:4): pid=1 uid=0 auid=4294967295 ses=4294967295 subj=u:r:init:s0 msg='avc:  denied  { set } for property=ro.millet.netlink pid=1 uid=0 gid=0 scontext=u:r:vendor_init:s0 tcontext=u:object_r:default_prop:s0 tclass=property_service permissive=0'
[    1.536077] init: Do not have permissions to set 'ro.millet.netlink' to '30' in property file '/vendor/build.prop': SELinux permission check failed
[    1.536247] init: Overriding previous property 'dalvik.vm.heapsize':'36m' with new value '512m'
[    1.536292] audit: type=1107 audit(40824165.355:5): pid=1 uid=0 auid=4294967295 ses=4294967295 subj=u:r:init:s0 msg='avc:  denied  { set } for property=ro.adb.secure pid=1 uid=0 gid=0 scontext=u:r:vendor_init:s0 tcontext=u:object_r:build_prop:s0 tclass=property_service permissive=0'
[    1.536294] init: Do not have permissions to set 'ro.adb.secure' to '1' in property file '/vendor/build.prop': SELinux permission check failed
[    1.536345] audit: type=1107 audit(40824165.355:6): pid=1 uid=0 auid=4294967295 ses=4294967295 subj=u:r:init:s0 msg='avc:  denied  { set } for property=ro.rom.zone pid=1 uid=0 gid=0 scontext=u:r:vendor_init:s0 tcontext=u:object_r:default_prop:s0 tclass=property_service permissive=0'
[    1.536347] init: Do not have permissions to set 'ro.rom.zone' to '1' in property file '/vendor/build.prop': SELinux permission check failed
[    1.536361] audit: type=1107 audit(40824165.355:7): pid=1 uid=0 auid=4294967295 ses=4294967295 subj=u:r:init:s0 msg='avc:  denied  { set } for property=ro.build.recovery.version.release pid=1 uid=0 gid=0 scontext=u:r:vendor_init:s0 tcontext=u:object_r:default_prop:s0 tclass=property_service permissive=0'
[    1.536363] init: Do not have permissions to set 'ro.build.recovery.version.release' to '15' in property file '/vendor/build.prop': SELinux permission check failed
[    1.536375] init: Overriding previous property 'ro.control_privapp_permissions':'disable' with new value 'enforce'
[    1.536402] audit: type=1107 audit(40824165.355:8): pid=1 uid=0 auid=4294967295 ses=4294967295 subj=u:r:init:s0 msg='avc:  denied  { set } for property=persist.backup.ntpServer pid=1 uid=0 gid=0 scontext=u:r:vendor_init:s0 tcontext=u:object_r:default_prop:s0 tclass=property_service permissive=0'
[    1.536404] init: Do not have permissions to set 'persist.backup.ntpServer' to '0.pool.ntp.org' in property file '/vendor/build.prop': SELinux permission check failed
[    1.536528] audit: type=1107 audit(40824165.355:9): pid=1 uid=0 auid=4294967295 ses=4294967295 subj=u:r:init:s0 msg='avc:  denied  { set } for property=ro.qc.sdk.audio.ssr pid=1 uid=0 gid=0 scontext=u:r:vendor_init:s0 tcontext=u:object_r:default_prop:s0 tclass=property_service permissive=0'
[    1.536530] init: Do not have permissions to set 'ro.qc.sdk.audio.ssr' to 'false' in property file '/vendor/build.prop': SELinux permission check failed
[    1.536545] audit: type=1107 audit(40824165.355:10): pid=1 uid=0 auid=4294967295 ses=4294967295 subj=u:r:init:s0 msg='avc:  denied  { set } for property=ro.qc.sdk.audio.fluencetype pid=1 uid=0 gid=0 scontext=u:r:vendor_init:s0 tcontext=u:object_r:default_prop:s0 tclass=property_service permissive=0'
[    1.536546] init: Do not have permissions to set 'ro.qc.sdk.audio.fluencetype' to 'none' in property file '/vendor/build.prop': SELinux permission check failed
[    1.536570] init: Do not have permissions to set 'persist.audio.fluence.voicecall' to 'true' in property file '/vendor/build.prop': SELinux permission check failed
[    1.536586] init: Do not have permissions to set 'persist.audio.fluence.voicerec' to 'false' in property file '/vendor/build.prop': SELinux permission check failed
[    1.536602] init: Do not have permissions to set 'persist.audio.fluence.speaker' to 'true' in property file '/vendor/build.prop': SELinux permission check failed
[    1.536648] init: Do not have permissions to set 'persist.vendor.bt.a2dp_offload_cap' to 'sbc-aptx-aptxtws-aptxhd-aac-ldac-lhdc' in property file '/vendor/build.prop': SELinux permission check failed
[    1.536679] init: Do not have permissions to set 'audio.sys.noisy.broadcast.delay' to '600' in property file '/vendor/build.prop': SELinux permission check failed
[    1.536694] init: Do not have permissions to set 'audio.sys.offload.pstimeout.secs' to '3' in property file '/vendor/build.prop': SELinux permission check failed
[    1.536716] init: Do not have permissions to set 'persist.audio.fluence.voicecomm' to 'true' in property file '/vendor/build.prop': SELinux permission check failed
[    1.536833] init: Do not have permissions to set 'persist.audio.button_jack.profile' to 'volume' in property file '/vendor/build.prop': SELinux permission check failed
[    1.536851] init: Do not have permissions to set 'persist.audio.button_jack.switch' to '0' in property file '/vendor/build.prop': SELinux permission check failed
[    1.536928] init: Do not have permissions to set 'persist.demo.hdmirotationlock' to 'false' in property file '/vendor/build.prop': SELinux permission check failed
[    1.537063] init: Overriding previous property 'debug.stagefright.ccodec':'1' with new value '4'
[    1.537201] init: Do not have permissions to set 'ro.qc.sdk.audio.ssr' to 'false' in property file '/vendor/build.prop': SELinux permission check failed
[    1.537218] init: Do not have permissions to set 'ro.qc.sdk.audio.fluencetype' to 'none' in property file '/vendor/build.prop': SELinux permission check failed
[    1.537234] init: Do not have permissions to set 'persist.audio.fluence.voicecall' to 'true' in property file '/vendor/build.prop': SELinux permission check failed
[    1.537249] init: Do not have permissions to set 'persist.audio.fluence.voicerec' to 'false' in property file '/vendor/build.prop': SELinux permission check failed
[    1.537265] init: Do not have permissions to set 'persist.audio.fluence.speaker' to 'true' in property file '/vendor/build.prop': SELinux permission check failed
[    1.537302] init: Do not have permissions to set 'persist.vendor.bt.a2dp_offload_cap' to 'sbc-aptx-aptxtws-aptxhd-aac-ldac-lhdc' in property file '/vendor/build.prop': SELinux permission check failed
[    1.537326] init: Do not have permissions to set 'audio.sys.noisy.broadcast.delay' to '600' in property file '/vendor/build.prop': SELinux permission check failed
[    1.537341] init: Do not have permissions to set 'audio.sys.offload.pstimeout.secs' to '3' in property file '/vendor/build.prop': SELinux permission check failed
[    1.537363] init: Do not have permissions to set 'persist.audio.fluence.voicecomm' to 'true' in property file '/vendor/build.prop': SELinux permission check failed
[    1.537446] init: Do not have permissions to set 'persist.audio.button_jack.profile' to 'volume' in property file '/vendor/build.prop': SELinux permission check failed
[    1.537462] init: Do not have permissions to set 'persist.audio.button_jack.switch' to '0' in property file '/vendor/build.prop': SELinux permission check failed
[    1.537646] init: Do not have permissions to set 'ro.vendor.media_performance_class' to '0' in property file '/vendor/build.prop': SELinux permission check failed
[    1.537713] init: Do not have permissions to set 'ro.product.vendor_dlkm.cert' to '23013RK75C' in property file '/vendor_dlkm/etc/build.prop': SELinux permission check failed
[    1.537731] init: Do not have permissions to set 'ro.product.vendor_dlkm.marketname' to 'Redmi K60' in property file '/vendor_dlkm/etc/build.prop': SELinux permission check failed
[    1.538305] init: Overriding previous property 'ro.com.android.dataroaming':'true' with new value 'false'
[    1.538342] init: Overriding previous property 'ro.vendor.audio.ring.filter':'true' with new value 'false'
[    1.538360] init: Overriding previous property 'ro.build.version.incremental':'16OS3.1.260529.160220763.QCPECN.S' with new value 'OS3.0.313.0.WPCCNXM'
[    1.538429] init: Overriding previous property 'ro.config.ringtone':'Ring_Synth_04.ogg' with new value 'unknown'
[    1.538434] init: Overriding previous property 'ro.config.notification_sound':'OnTheHunt.ogg' with new value 'unknown'
[    1.538490] init: Overriding previous property 'ro.odm.build.media_performance_class':'0' with new value '35'
[    1.538495] init: Overriding previous property 'ro.vendor.perf.scroll_opt':'1' with new value 'false'
[    1.538511] init: Overriding previous property 'debug.media.video.chipset':'5' with new value '11'
[    1.538698] init: Overriding previous property 'persist.sys.prestart.proc':'true' with new value 'false'
[    1.538704] init: Overriding previous property 'persist.sys.prestart.feedback.enable':'true' with new value 'false'
[    1.538711] init: Overriding previous property 'debug.sf.hw':'0' with new value '1'
[    1.538715] init: Overriding previous property 'debug.egl.hw':'0' with new value '1'
[    1.538719] init: Overriding previous property 'persist.sys.force_sw_gles':'1' with new value '0'
[    1.538726] init: Overriding previous property 'media.stagefright.thumbnail.prefer_hw_codecs':'true' with new value 'false'
[    1.538745] init: Overriding previous property 'ro.surface_flinger.max_frame_buffer_acquired_buffers':'3' with new value '4'
[    1.538749] init: Overriding previous property 'persist.sys.dynamicbuffer.max_adjust_num':'1' with new value '4'
[    1.538774] init: Overriding previous property 'log.tag.stats_log':'I' with new value 'OFF'
[    1.538778] init: Overriding previous property 'ro.logd.size':'2M' with new value '64K'
[    1.538797] init: Overriding previous property 'persist.sys.sysrqOnAnr_D_state':'true' with new value 'false'
[    1.538806] init: Overriding previous property 'persist.sys.qseelogd':'true' with new value '0'
[    1.538812] init: Overriding previous property 'persist.vendor.ssr.enable_ramdumps':'1' with new value '0'
[    1.538824] init: Overriding previous property 'vendor.bluetooth.startbtlogger':'false' with new value '0'
[    1.538828] init: Overriding previous property 'persist.iorapd.log.verbose':'true' with new value 'false'
[    1.538832] init: Overriding previous property 'tango.enabled':'1' with new value '0'
[    1.538837] init: Overriding previous property 'tango.pretrans.max_size':'67108864' with new value ''
[    1.538841] init: Overriding previous property 'tango.pretrans_on_install':'true' with new value 'false'
[    1.538845] init: Overriding previous property 'tango.pretrans.lib':'true' with new value 'false'
[    1.538849] init: Overriding previous property 'tango.pretrans.apk':'true' with new value 'false'
[    1.538854] init: Overriding previous property 'persist.sys.smartpower.display_camera_fps_enable':'true' with new value 'false'
[    1.538865] init: Overriding previous property 'ro.vendor.display.hwc_thermal_dimming':'true' with new value 'false'
[    1.538870] init: Overriding previous property 'ro.vendor.fps.switch.thermal':'true' with new value 'false'
[    1.538874] init: Overriding previous property 'ro.vendor.thermal.dimming.enable':'true' with new value 'false'
[    1.538886] init: Overriding previous property 'persist.vendor.disable_idle_fps.threshold':'1312' with new value '10'
[    1.538975] init: Overriding previous property 'ro.millet.netlink':'31' with new value '30'
[    1.538996] init: Overriding previous property 'ro.product.product.name':'miproduct_pudding' with new value 'diting'
[    1.539001] init: Overriding previous property 'sys.haptic.down':'5,2' with new value '0,2'
[    1.539004] init: Overriding previous property 'sys.haptic.tap.normal':'3,2' with new value '0,2'
[    1.539008] init: Overriding previous property 'sys.haptic.tap.light':'5,2' with new value '0,2'
[    1.539012] init: Overriding previous property 'sys.haptic.flick':'5,2' with new value '0,2'
[    1.539016] init: Overriding previous property 'sys.haptic.flick.light':'7,2' with new value '0,2'
[    1.539019] init: Overriding previous property 'sys.haptic.switch':'9,2' with new value '0,2'
[    1.539023] init: Overriding previous property 'sys.haptic.mesh.heavy':'8,2' with new value '0,2'
[    1.539027] init: Overriding previous property 'sys.haptic.mesh.normal':'5,2' with new value '0,2'
[    1.539031] init: Overriding previous property 'sys.haptic.mesh.light':'5,1' with new value '0,2'
[    1.539035] init: Overriding previous property 'sys.haptic.long.press':'0,1' with new value '0,2'
[    1.539038] init: Overriding previous property 'sys.haptic.popup.normal':'6,2' with new value '0,2'
[    1.539042] init: Overriding previous property 'sys.haptic.popup.light':'6,1' with new value '0,2'
[    1.539046] init: Overriding previous property 'sys.haptic.pickup':'2,2' with new value '0,2'
[    1.539050] init: Overriding previous property 'sys.haptic.scroll.edge':'7,0' with new value '0,2'
[    1.539054] init: Overriding previous property 'sys.haptic.trigger.drawer':'2,0' with new value '0,2'
[    1.539058] init: Overriding previous property 'sys.haptic.hold':'4,0' with new value '0,2'
[    1.539069] init: Overriding previous property 'ro.launcher.blur.appLaunch':'0' with new value '1'
[    1.539096] init: Overriding previous property 'persist.sys.stability.SmartCacheEnable':'true' with new value 'false'
[    1.539100] init: Overriding previous property 'persist.sys.stability.MultiCacheEnable':'true' with new value 'false'
[    1.539106] init: Overriding previous property 'persist.sys.spc.enabled':'true' with new value 'false'
[    1.539117] init: Overriding previous property 'persist.sys.spc.proc_restart_enable':'true' with new value 'false'
[    1.539122] init: Overriding previous property 'persist.sys.spc.process.tracker.enable':'true' with new value 'false'
[    1.539129] init: Overriding previous property 'persist.sys.spc.extra_free_enable':'true' with new value 'false'
[    1.539136] init: Overriding previous property 'persist.sys.debug.enable_scout_memory_monitor':'true' with new value 'false'
[    1.539140] init: Overriding previous property 'persist.sys.debug.enable_scout_memory_resume':'true' with new value 'false'
[    1.539144] init: Overriding previous property 'persist.mm.enable.prefetch':'true' with new value 'false'
[    1.539148] init: Overriding previous property 'persist.sys.stability.nativehang.enable':'true' with new value 'false'
[    1.539152] init: Overriding previous property 'persist.sys.stability.report_app_launch.enable':'true' with new value 'false'
[    1.539156] init: Overriding previous property 'persist.sys.stability.nativehangII.enable':'true' with new value 'false'
[    1.539161] init: Overriding previous property 'persist.sys.usap_pool_enabled':'true' with new value 'false'
[    1.539165] init: Overriding previous property 'persist.sys.dynamic_usap_enabled':'true' with new value 'false'
[    1.539171] init: Overriding previous property 'ro.surface_flinger.set_idle_timer_ms':'1100' with new value '2147483647'
[    1.539175] init: Overriding previous property 'ro.surface_flinger.set_touch_timer_ms':'200' with new value '2147483647'
[    1.539212] init: Overriding previous property 'vendor.bluetooth.startbtlogger':'0' with new value 'false'
[    1.539237] init: Overriding previous property 'vendor.bluetooth.startbtlogger':'false' with new value '0'
[    1.539300] init: Overriding previous property 'ro.product.product.name':'diting' with new value 'mondrian'
[    1.539459] init_hook_E: Could not find /cust/cust_variant and /data/miui/cust_variant 
[    1.539648] init_hook_I: cust prop white key: persist.sys.timezone
[    1.539651] init_hook_I: cust prop white key: ro.carrier.name
[    1.539653] init_hook_I: cust prop white key: ro.miui.cust_variant
[    1.539656] init_hook_I: cust prop white key: ro.miui.region
[    1.539658] init_hook_I: cust prop white key: ro.product.locale.language
[    1.539660] init_hook_I: cust prop white key: ro.product.locale.region
[    1.539662] init_hook_I: cust prop white key: ro.miui.mcc
[    1.539665] init_hook_I: cust prop white key: ro.miui.mnc
[    1.539667] init_hook_I: cust prop white key: ro.com.android.mobiledata
[    1.539669] init_hook_I: cust prop white key: ro.build.hardware.version
[    1.539671] init_hook_I: cust prop white key: ro.com.google.clientidbase
[    1.539673] init_hook_I: cust prop white key: ro.com.google.clientidbase.ms
[    1.539675] init_hook_I: cust prop white key: ro.miui.cts
[    1.539678] init_hook_I: cust prop white key: ro.miui.customized.region
[    1.539680] init_hook_I: cust prop white key: ro.miui.customized_clientid
[    1.539682] init_hook_I: cust prop white key: ro.miui.singlesim
[    1.539684] init_hook_I: cust prop white key: ro.com.google.rlz_ap_whitelist
[    1.539686] init_hook_I: cust prop white key: ro.com.google.rlzbrandcode
[    1.539688] init_hook_I: cust prop white key: persist.miui.density_v2
[    1.539690] init_hook_I: cust prop white key: ro.miui.cta
[    1.539693] init_hook_I: cust prop white key: ro.miui.cust_hardware
[    1.539695] init_hook_I: cust prop white key: persist.sys.miui_optimization
[    1.539697] init_hook_I: cust prop white key: ro.vendor.miui.cust_variant
[    1.539699] init_hook_I: cust prop white key: ro.vendor.miui.region
[    1.539701] init_hook_I: cust prop white key: ro.vendor.miui.mcc
[    1.539703] init_hook_I: cust prop white key: ro.vendor.miui.mnc
[    1.539705] init_hook_I: cust prop white key: ro.vendor.miui.cts
[    1.539707] init_hook_I: cust prop white key: ro.vendor.miui.customized.region
[    1.539710] init_hook_I: cust prop white key: ro.vendor.miui.customized_clientid
[    1.539712] init_hook_I: cust prop white key: ro.vendor.miui.singlesim
[    1.539714] init_hook_I: cust prop white key: ro.vendor.miui.cta
[    1.539716] init_hook_I: cust prop white key: ro.vendor.miui.cust_hardware
[    1.539718] init_hook_I: cust prop white key: ro.miui.enterprise.licence
[    1.539720] init_hook_I: cust prop white key: persist.sys.ent_activated
[    1.539722] init_hook_I: cust prop white key: ro.facebook.partnerid
[    1.540390] init: ro.mi.xms.version.incremental should not be set as cust prop
[    1.540394] init: ro.audio.bt.connect.disable.mute should not be set as cust prop
[    1.540397] init: persist.sys.power_mode_support should not be set as cust prop
[    1.540401] init: ro.config.WlanAntTunerPolicy should not be set as cust prop
[    1.540404] init: ro.mi.os.custfeatureresolve should not be set as cust prop
[    1.540406] init: ro.audio.ozo.channelmask.in should not be set as cust prop
[    1.540412] init: ro.ai.os.version.code should not be set as cust prop
[    1.540414] init: ro.miui.device.xunlei.largemem should not be set as cust prop
[    1.540419] init: ro.wifi.tvendor.disable1 should not be set as cust prop
[    1.540422] init: ro.ai.transparent.sandbox.enabled should not be set as cust prop
[    1.540425] init: ro.miui.support.system.app.uninstall.v2 should not be set as cust prop
[    1.540428] init: ro.product.mod_device should not be set as cust prop
[    1.540431] init: ipa_callback_in_displayfeature should not be set as cust prop
[    1.540434] init: ro.thermal.iec.enable should not be set as cust prop
[    1.540437] init: ro.ai.os.version.name should not be set as cust prop
[    1.540440] init: ro.miui.build.region should not be set as cust prop
[    1.540443] init: persist.vendor.camera.gesture.emoji.support should not be set as cust prop
[    1.540446] init: ro.mi.os.version.publish should not be set as cust prop
[    1.540449] init: ro.mi.os.version.code should not be set as cust prop
[    1.540452] init: ro.mi.os.version.name should not be set as cust prop
[    1.540455] init: ro.mi.os.version.incremental should not be set as cust prop
[    1.540458] init: ro.build.version.smr_baseversion should not be set as cust prop
[    1.541161] init_hook_E: System critical property ro.boot.verifiedbootstate is read-only,never try to override these properties!!!
[    1.541166] init: Could not set 'ro.boot.verifiedbootstate' to 'green' while loading .prop filesRead-only property was already set
[    1.541878] init: Setting product property ro.product.brand to 'Redmi' (from ro.product.odm.brand)
[    1.541883] init: Setting product property ro.product.device to 'mondrian' (from ro.product.odm.device)
[    1.541888] init: Setting product property ro.product.manufacturer to 'Xiaomi' (from ro.product.odm.manufacturer)
[    1.541893] init: Setting product property ro.product.model to '23013RK75C' (from ro.product.odm.model)
[    1.541897] init: Setting product property ro.product.name to 'mondrian' (from ro.product.odm.name)
[    1.541902] init: Setting product property ro.product.marketname to 'Redmi K60' (from ro.product.odm.marketname)
[    1.541906] init: Setting product property ro.product.cert to '23013RK75C' (from ro.product.odm.cert)
[    1.541917] init: Setting property 'ro.build.fingerprint' to 'Redmi/mondrian/mondrian:16/BP2A.250605.031.A3/OS3.0.313.0.WPCCNXM:user/release-keys'
[    1.541932] init: Setting property 'ro.product.cpu.abilist' to 'arm64-v8a,armeabi-v7a,armeabi'
[    1.541936] init: Setting property 'ro.product.cpu.abilist32' to 'armeabi-v7a,armeabi'
